Archive member included to satisfy reference by file (symbol)

c:/intelfpga_lite/18.1/nios2eds/bin/gnu/h-x86_64-mingw32/bin/../lib/gcc/nios2-elf/5.3.0\libgcc.a(_fixunssfsi.o)
                              obj/default/Src/pwm.o (__fixunssfsi)
c:/intelfpga_lite/18.1/nios2eds/bin/gnu/h-x86_64-mingw32/bin/../lib/gcc/nios2-elf/5.3.0\libgcc.a(lib2-divmod.o)
                              obj/default/Src/pwm.o (__divsi3)
c:/intelfpga_lite/18.1/nios2eds/bin/gnu/h-x86_64-mingw32/bin/../lib/gcc/nios2-elf/5.3.0\libgcc.a(gesf2.o)
                              c:/intelfpga_lite/18.1/nios2eds/bin/gnu/h-x86_64-mingw32/bin/../lib/gcc/nios2-elf/5.3.0\libgcc.a(_fixunssfsi.o) (__gesf2)
c:/intelfpga_lite/18.1/nios2eds/bin/gnu/h-x86_64-mingw32/bin/../lib/gcc/nios2-elf/5.3.0\libgcc.a(mulsf3.o)
                              obj/default/Src/pwm.o (__mulsf3)
c:/intelfpga_lite/18.1/nios2eds/bin/gnu/h-x86_64-mingw32/bin/../lib/gcc/nios2-elf/5.3.0\libgcc.a(subsf3.o)
                              c:/intelfpga_lite/18.1/nios2eds/bin/gnu/h-x86_64-mingw32/bin/../lib/gcc/nios2-elf/5.3.0\libgcc.a(_fixunssfsi.o) (__subsf3)
c:/intelfpga_lite/18.1/nios2eds/bin/gnu/h-x86_64-mingw32/bin/../lib/gcc/nios2-elf/5.3.0\libgcc.a(fixsfsi.o)
                              c:/intelfpga_lite/18.1/nios2eds/bin/gnu/h-x86_64-mingw32/bin/../lib/gcc/nios2-elf/5.3.0\libgcc.a(_fixunssfsi.o) (__fixsfsi)
c:/intelfpga_lite/18.1/nios2eds/bin/gnu/h-x86_64-mingw32/bin/../lib/gcc/nios2-elf/5.3.0\libgcc.a(floatunsisf.o)
                              obj/default/Src/pwm.o (__floatunsisf)
c:/intelfpga_lite/18.1/nios2eds/bin/gnu/h-x86_64-mingw32/bin/../lib/gcc/nios2-elf/5.3.0\libgcc.a(_clzsi2.o)
                              c:/intelfpga_lite/18.1/nios2eds/bin/gnu/h-x86_64-mingw32/bin/../lib/gcc/nios2-elf/5.3.0\libgcc.a(mulsf3.o) (__clzsi2)
c:/intelfpga_lite/18.1/nios2eds/bin/gnu/h-x86_64-mingw32/bin/../lib/gcc/nios2-elf/5.3.0\libgcc.a(_clz.o)
                              c:/intelfpga_lite/18.1/nios2eds/bin/gnu/h-x86_64-mingw32/bin/../lib/gcc/nios2-elf/5.3.0\libgcc.a(_clzsi2.o) (__clz_tab)
c:/intelfpga_lite/18.1/nios2eds/bin/gnu/h-x86_64-mingw32/bin/../lib/gcc/nios2-elf/5.3.0/../../../../../H-x86_64-mingw32/nios2-elf/lib\libsmallc.a(lib_a-printf.o)
                              obj/default/Src/pwm.o (printf)
c:/intelfpga_lite/18.1/nios2eds/bin/gnu/h-x86_64-mingw32/bin/../lib/gcc/nios2-elf/5.3.0/../../../../../H-x86_64-mingw32/nios2-elf/lib\libsmallc.a(lib_a-puts.o)
                              obj/default/Src/main.o (puts)
c:/intelfpga_lite/18.1/nios2eds/bin/gnu/h-x86_64-mingw32/bin/../lib/gcc/nios2-elf/5.3.0/../../../../../H-x86_64-mingw32/nios2-elf/lib\libsmallc.a(lib_a-strlen.o)
                              c:/intelfpga_lite/18.1/nios2eds/bin/gnu/h-x86_64-mingw32/bin/../lib/gcc/nios2-elf/5.3.0/../../../../../H-x86_64-mingw32/nios2-elf/lib\libsmallc.a(lib_a-puts.o) (strlen)
c:/intelfpga_lite/18.1/nios2eds/bin/gnu/h-x86_64-mingw32/bin/../lib/gcc/nios2-elf/5.3.0/../../../../../H-x86_64-mingw32/nios2-elf/lib\libsmallc.a(lib_a-vfprintf.o)
                              c:/intelfpga_lite/18.1/nios2eds/bin/gnu/h-x86_64-mingw32/bin/../lib/gcc/nios2-elf/5.3.0/../../../../../H-x86_64-mingw32/nios2-elf/lib\libsmallc.a(lib_a-printf.o) (___vfprintf_internal_r)
c:/intelfpga_lite/18.1/nios2eds/bin/gnu/h-x86_64-mingw32/bin/../lib/gcc/nios2-elf/5.3.0/../../../../../H-x86_64-mingw32/nios2-elf/lib\libsmallc.a(lib_a-fvwrite_small_dev.o)
                              c:/intelfpga_lite/18.1/nios2eds/bin/gnu/h-x86_64-mingw32/bin/../lib/gcc/nios2-elf/5.3.0/../../../../../H-x86_64-mingw32/nios2-elf/lib\libsmallc.a(lib_a-printf.o) (__sfvwrite_small_dev)
c:/intelfpga_lite/18.1/nios2eds/bin/gnu/h-x86_64-mingw32/bin/../lib/gcc/nios2-elf/5.3.0/../../../../../H-x86_64-mingw32/nios2-elf/lib\libsmallc.a(lib_a-impure.o)
                              c:/intelfpga_lite/18.1/nios2eds/bin/gnu/h-x86_64-mingw32/bin/../lib/gcc/nios2-elf/5.3.0/../../../../../H-x86_64-mingw32/nios2-elf/lib\libsmallc.a(lib_a-printf.o) (_impure_ptr)
c:/intelfpga_lite/18.1/nios2eds/bin/gnu/h-x86_64-mingw32/bin/../lib/gcc/nios2-elf/5.3.0/../../../../../H-x86_64-mingw32/nios2-elf/lib\libsmallc.a(lib_a-writer.o)
                              c:/intelfpga_lite/18.1/nios2eds/bin/gnu/h-x86_64-mingw32/bin/../lib/gcc/nios2-elf/5.3.0/../../../../../H-x86_64-mingw32/nios2-elf/lib\libsmallc.a(lib_a-fvwrite_small_dev.o) (_write_r)
c:/intelfpga_lite/18.1/nios2eds/bin/gnu/h-x86_64-mingw32/bin/../lib/gcc/nios2-elf/5.3.0/../../../../../H-x86_64-mingw32/nios2-elf/lib\libsmallc.a(lib_a-int_errno.o)
                              c:/intelfpga_lite/18.1/nios2eds/bin/gnu/h-x86_64-mingw32/bin/../lib/gcc/nios2-elf/5.3.0/../../../../../H-x86_64-mingw32/nios2-elf/lib\libsmallc.a(lib_a-writer.o) (errno)
../alarm_clock_jukebox_bsp/\libhal_bsp.a(alt_iic.o)
                              obj/default/Src/interrupt.o (alt_ic_isr_register)
../alarm_clock_jukebox_bsp/\libhal_bsp.a(alt_iic_isr_register.o)
[...]
Memory Configuration

Name             Origin             Length             Attributes
reset            0x0000000000040000 0x0000000000000020
onchip_memory    0x0000000000040020 0x0000000000027fe0
*default*        0x0000000000000000 0xffffffffffffffff

Linker script and memory map

LOAD ../alarm_clock_jukebox_bsp//obj/HAL/src/crt0.o
LOAD obj/default/Src/altera_avalon_pwm_routines.o
LOAD obj/default/Src/display.o
LOAD obj/default/Src/interrupt.o
LOAD obj/default/Src/led.o
LOAD obj/default/Src/main.o
LOAD obj/default/Src/pwm.o
LOAD obj/default/Src/rtttl.o
LOAD obj/default/Src/switches.o
LOAD obj/default/Src/time_keeper.o
LOAD c:/intelfpga_lite/18.1/nios2eds/bin/gnu/h-x86_64-mingw32/bin/../lib/gcc/nios2-elf/5.3.0/../../../../../H-x86_64-mingw32/nios2-elf/lib\libstdc++.a
LOAD c:/intelfpga_lite/18.1/nios2eds/bin/gnu/h-x86_64-mingw32/bin/../lib/gcc/nios2-elf/5.3.0/../../../../../H-x86_64-mingw32/nios2-elf/lib\libm.a
LOAD c:/intelfpga_lite/18.1/nios2eds/bin/gnu/h-x86_64-mingw32/bin/../lib/gcc/nios2-elf/5.3.0\libgcc.a
START GROUP
LOAD c:/intelfpga_lite/18.1/nios2eds/bin/gnu/h-x86_64-mingw32/bin/../lib/gcc/nios2-elf/5.3.0/../../../../../H-x86_64-mingw32/nios2-elf/lib\libsmallc.a
LOAD c:/intelfpga_lite/18.1/nios2eds/bin/gnu/h-x86_64-mingw32/bin/../lib/gcc/nios2-elf/5.3.0\libgcc.a
LOAD ../alarm_clock_jukebox_bsp/\libhal_bsp.a
LOAD c:/intelfpga_lite/18.1/nios2eds/bin/gnu/h-x86_64-mingw32/bin/../lib/gcc/nios2-elf/5.3.0/../../../../../H-x86_64-mingw32/nios2-elf/lib\libm.a
END GROUP
LOAD c:/intelfpga_lite/18.1/nios2eds/bin/gnu/h-x86_64-mingw32/bin/../lib/gcc/nios2-elf/5.3.0\libgcc.a
                0x0000000000040000                __alt_mem_onchip_memory = 0x40000

.entry          0x0000000000040000       0x20
 *(.entry)
 .entry         0x0000000000040000       0x20 ../alarm_clock_jukebox_bsp//obj/HAL/src/crt0.o
                0x0000000000040000                __reset

.exceptions     0x0000000000040020      0x224
                0x0000000000040020                PROVIDE (__ram_exceptions_start, ABSOLUTE (.))
                0x0000000000040020                . = ALIGN (0x20)
 *(.irq)
 *(.exceptions.entry.label)
 .exceptions.entry.label
                0x0000000000040020        0x0 ../alarm_clock_jukebox_bsp/\libhal_bsp.a(alt_irq_entry.o)
                0x0000000000040020                alt_irq_entry
 .exceptions.entry.label
                0x0000000000040020        0x0 ../alarm_clock_jukebox_bsp/\libhal_bsp.a(alt_exception_entry.o)
                0x0000000000040020                alt_exception
 *(.exceptions.entry.user)
 *(.exceptions.entry.ecc_fatal)
 *(.exceptions.entry)
 .exceptions.entry
                0x0000000000040020       0x54 ../alarm_clock_jukebox_bsp/\libhal_bsp.a(alt_exception_entry.o)
 *(.exceptions.irqtest.user)
 *(.exceptions.irqtest)
 .exceptions.irqtest
                0x0000000000040074       0x10 ../alarm_clock_jukebox_bsp/\libhal_bsp.a(alt_irq_entry.o)
 *(.exceptions.irqhandler.user)
 *(.exceptions.irqhandler)
 .exceptions.irqhandler
                0x0000000000040084        0x4 ../alarm_clock_jukebox_bsp/\libhal_bsp.a(alt_irq_entry.o)
 *(.exceptions.irqreturn.user)
 *(.exceptions.irqreturn)
 .exceptions.irqreturn
                0x0000000000040088        0x4 ../alarm_clock_jukebox_bsp/\libhal_bsp.a(alt_irq_entry.o)
 *(.exceptions.notirq.label)
 .exceptions.notirq.label
                0x000000000004008c        0x0 ../alarm_clock_jukebox_bsp/\libhal_bsp.a(alt_irq_entry.o)
 *(.exceptions.notirq.user)
 *(.exceptions.notirq)
 .exceptions.notirq
                0x000000000004008c        0x8 ../alarm_clock_jukebox_bsp/\libhal_bsp.a(alt_exception_entry.o)
 *(.exceptions.soft.user)
 *(.exceptions.soft)
 *(.exceptions.unknown.user)
 *(.exceptions.unknown)
 .exceptions.unknown
                0x0000000000040094       0x14 ../alarm_clock_jukebox_bsp/\libhal_bsp.a(alt_exception_entry.o)
 *(.exceptions.exit.label)
 .exceptions.exit.label
                0x00000000000400a8        0x0 ../alarm_clock_jukebox_bsp/\libhal_bsp.a(alt_irq_entry.o)
 .exceptions.exit.label
                0x00000000000400a8        0x0 ../alarm_clock_jukebox_bsp/\libhal_bsp.a(alt_exception_entry.o)
 *(.exceptions.exit.user)
 *(.exceptions.exit)
 .exceptions.exit
                0x00000000000400a8       0x54 ../alarm_clock_jukebox_bsp/\libhal_bsp.a(alt_exception_entry.o)
 *(.exceptions)
 .exceptions    0x00000000000400fc       0xd4 ../alarm_clock_jukebox_bsp/\libhal_bsp.a(alt_irq_handler.o)
                0x00000000000400fc                alt_irq_handler
 .exceptions    0x00000000000401d0       0x74 ../alarm_clock_jukebox_bsp/\libhal_bsp.a(alt_instruction_exception_entry.o)
                0x00000000000401d0                alt_instruction_exception_entry
                0x0000000000040244                PROVIDE (__ram_exceptions_end, ABSOLUTE (.))
                0x0000000000040020                PROVIDE (__flash_exceptions_start, LOADADDR (.exceptions))

.text           0x0000000000040244     0x5538
                [!provide]                        PROVIDE (stext, ABSOLUTE (.))
 *(.interp)
 *(.hash)
 *(.dynsym)
 *(.dynstr)
 *(.gnu.version)
 *(.gnu.version_d)
 *(.gnu.version_r)
 *(.rel.init)
 *(.rela.init)
 *(.rel.text .rel.text.* .rel.gnu.linkonce.t.*)
 *(.rela.text .rela.text.* .rela.gnu.linkonce.t.*)
 *(.rel.fini)
 *(.rela.fini)
 *(.rel.rodata .rel.rodata.* .rel.gnu.linkonce.r.*)
 *(.rela.rodata .rela.rodata.* .rela.gnu.linkonce.r.*)
 *(.rel.data .rel.data.* .rel.gnu.linkonce.d.*)
 *(.rela.data .rela.data.* .rela.gnu.linkonce.d.*)
 *(.rel.tdata .rel.tdata.* .rel.gnu.linkonce.td.*)
 *(.rela.tdata .rela.tdata.* .rela.gnu.linkonce.td.*)
 *(.rel.tbss .rel.tbss.* .rel.gnu.linkonce.tb.*)
 *(.rela.tbss .rela.tbss.* .rela.gnu.linkonce.tb.*)
 *(.rel.ctors)
 *(.rela.ctors)
 *(.rel.dtors)
 *(.rela.dtors)
 *(.rel.got)
 *(.rela.got)
 *(.rel.sdata .rel.sdata.* .rel.gnu.linkonce.s.*)
 *(.rela.sdata .rela.sdata.* .rela.gnu.linkonce.s.*)
 *(.rel.sbss .rel.sbss.* .rel.gnu.linkonce.sb.*)
 *(.rela.sbss .rela.sbss.* .rela.gnu.linkonce.sb.*)
 *(.rel.sdata2 .rel.sdata2.* .rel.gnu.linkonce.s2.*)
 *(.rela.sdata2 .rela.sdata2.* .rela.gnu.linkonce.s2.*)
 *(.rel.sbss2 .rel.sbss2.* .rel.gnu.linkonce.sb2.*)
 *(.rela.sbss2 .rela.sbss2.* .rela.gnu.linkonce.sb2.*)
 *(.rel.bss .rel.bss.* .rel.gnu.linkonce.b.*)
 *(.rela.bss .rela.bss.* .rela.gnu.linkonce.b.*)
 *(.rel.plt)
 *(.rela.plt)
 *(.rel.dyn)
 *(.init)
 *(.plt)
 *(.text .stub .text.* .gnu.linkonce.t.*)
 .text          0x0000000000040244       0x3c ../alarm_clock_jukebox_bsp//obj/HAL/src/crt0.o
                0x0000000000040244                _start
 .text          0x0000000000040280      0x160 obj/default/Src/altera_avalon_pwm_routines.o
                0x0000000000040280                altera_avalon_pwm_init
                0x00000000000402e4                altera_avalon_pwm_enable
                0x0000000000040338                altera_avalon_pwm_disable
                0x0000000000040388                altera_avalon_pwm_change_duty_cycle
 .text          0x00000000000403e0      0x2bc obj/default/Src/display.o
                0x00000000000403e0                resetDisplay
                0x0000000000040460                updateDisplay
 .text          0x000000000004069c      0x26c obj/default/Src/interrupt.o
                0x000000000004069c                timerSecondRegisterISR
                0x00000000000406e4                timerSecondEnableInterrupt
                0x0000000000040714                switchesRegisterISR
                0x000000000004075c                buttonsRegisterISR
                0x00000000000407a4                switchesEnableInterrupt
                0x00000000000407e4                buttonsEnableInterrupt
                0x0000000000040824                timerPWMRegisterISR
                0x000000000004086c                timerPWMEnableInterrupt
                0x00000000000408d8                timerPWMDisableInterrupt
 .text          0x0000000000040908       0xac obj/default/Src/led.o
                0x0000000000040908                alarmLEDoff
                0x0000000000040938                alarmLEDon
                0x0000000000040968                alarmLEDtoggle
 .text          0x00000000000409b4      0x904 obj/default/Src/main.o
                0x00000000000409b4                main
                0x0000000000040a44                timerSecondISR
                0x0000000000040bf0                switchesISR
                0x0000000000040e28                buttonsISR
                0x0000000000041210                timerPWMISR
 .text          0x00000000000412b8      0x4a8 obj/default/Src/pwm.o
                0x00000000000412b8                getVolume
                0x00000000000412d8                upVolume
                0x0000000000041314                downVolume
                0x000000000004134c                stopPWM
                0x0000000000041398                writePWM
                0x000000000004147c                default500HzSquareWave
                0x0000000000041504                testPWM
                0x0000000000041630                check_return_code
                0x0000000000041674                print_error
 .text          0x0000000000041760      0xaa0 obj/default/Src/rtttl.o
                0x0000000000041760                getSongIndex
                0x0000000000041780                upSong
                0x00000000000417c4                downSong
                0x0000000000041808                note2freq
                0x0000000000041894                initializeSong
                0x0000000000041b4c                nextSongNote
 .text          0x0000000000042200      0x35c obj/default/Src/switches.o
                0x0000000000042200                determineMode
                0x000000000004247c                checkInvalidMode
                0x0000000000042518                isPowerOfTwoOrZero
 .text          0x000000000004255c      0x8a4 obj/default/Src/time_keeper.o
                0x000000000004255c                resetClockTime
                0x0000000000042594                getClockTime
                0x0000000000042618                upClockSecond
                0x00000000000426e4                upClockMinute
                0x00000000000427ac                upClockHour
                0x000000000004285c                downClockSecond
                0x0000000000042928                downClockMinute
                0x00000000000429f0                downClockHour
                0x0000000000042a9c                resetAlarmTime
                0x0000000000042ad0                getAlarmTime
                0x0000000000042b54                upAlarmMinute
                0x0000000000042bfc                upAlarmHour
                0x0000000000042cac                downAlarmMinute
                0x0000000000042d54                downAlarmHour
 .text          0x0000000000042e00       0x60 c:/intelfpga_lite/18.1/nios2eds/bin/gnu/h-x86_64-mingw32/bin/../lib/gcc/nios2-elf/5.3.0\libgcc.a(_fixunssfsi.o)
                0x0000000000042e00                __fixunssfsi
 .text          0x0000000000042e60      0x1b4 c:/intelfpga_lite/18.1/nios2eds/bin/gnu/h-x86_64-mingw32/bin/../lib/gcc/nios2-elf/5.3.0\libgcc.a(lib2-divmod.o)
                0x0000000000042e60                __divsi3
                0x0000000000042ee4                __modsi3
                0x0000000000042f58                __udivsi3
                0x0000000000042fbc                __umodsi3
 .text          0x0000000000043014       0xbc c:/intelfpga_lite/18.1/nios2eds/bin/gnu/h-x86_64-mingw32/bin/../lib/gcc/nios2-elf/5.3.0\libgcc.a(gesf2.o)
                0x0000000000043014                __gesf2
                0x0000000000043014                __gtsf2
 .text          0x00000000000430d0      0x3fc c:/intelfpga_lite/18.1/nios2eds/bin/gnu/h-x86_64-mingw32/bin/../lib/gcc/nios2-elf/5.3.0\libgcc.a(mulsf3.o)
                0x00000000000430d0                __mulsf3
 .text          0x00000000000434cc      0x4e4 c:/intelfpga_lite/18.1/nios2eds/bin/gnu/h-x86_64-mingw32/bin/../lib/gcc/nios2-elf/5.3.0\libgcc.a(subsf3.o)
                0x00000000000434cc                __subsf3
 .text          0x00000000000439b0       0x70 c:/intelfpga_lite/18.1/nios2eds/bin/gnu/h-x86_64-mingw32/bin/../lib/gcc/nios2-elf/5.3.0\libgcc.a(fixsfsi.o)
                0x00000000000439b0                __fixsfsi
 .text          0x0000000000043a20       0xf0 c:/intelfpga_lite/18.1/nios2eds/bin/gnu/h-x86_64-mingw32/bin/../lib/gcc/nios2-elf/5.3.0\libgcc.a(floatunsisf.o)
                0x0000000000043a20                __floatunsisf
 .text          0x0000000000043b10       0x64 c:/intelfpga_lite/18.1/nios2eds/bin/gnu/h-x86_64-mingw32/bin/../lib/gcc/nios2-elf/5.3.0\libgcc.a(_clzsi2.o)
                0x0000000000043b10                __clzsi2
 .text          0x0000000000043b74        0x0 c:/intelfpga_lite/18.1/nios2eds/bin/gnu/h-x86_64-mingw32/bin/../lib/gcc/nios2-elf/5.3.0\libgcc.a(_clz.o)
 .text          0x0000000000043b74        0x0 c:/intelfpga_lite/18.1/nios2eds/bin/gnu/h-x86_64-mingw32/bin/../lib/gcc/nios2-elf/5.3.0/../../../../../H-x86_64-mingw32/nios2-elf/lib\libsmallc.a(lib_a-printf.o)
 .text._printf_r
                0x0000000000043b74       0x3c c:/intelfpga_lite/18.1/nios2eds/bin/gnu/h-x86_64-mingw32/bin/../lib/gcc/nios2-elf/5.3.0/../../../../../H-x86_64-mingw32/nios2-elf/lib\libsmallc.a(lib_a-printf.o)
                0x0000000000043b74                _printf_r
 .text.printf   0x0000000000043bb0       0x4c c:/intelfpga_lite/18.1/nios2eds/bin/gnu/h-x86_64-mingw32/bin/../lib/gcc/nios2-elf/5.3.0/../../../../../H-x86_64-mingw32/nios2-elf/lib\libsmallc.a(lib_a-printf.o)
                0x0000000000043bb0                printf
 .text          0x0000000000043bfc        0x0 c:/intelfpga_lite/18.1/nios2eds/bin/gnu/h-x86_64-mingw32/bin/../lib/gcc/nios2-elf/5.3.0/../../../../../H-x86_64-mingw32/nios2-elf/lib\libsmallc.a(lib_a-puts.o)
 .text._puts_r  0x0000000000043bfc       0x80 c:/intelfpga_lite/18.1/nios2eds/bin/gnu/h-x86_64-mingw32/bin/../lib/gcc/nios2-elf/5.3.0/../../../../../H-x86_64-mingw32/nios2-elf/lib\libsmallc.a(lib_a-puts.o)
                0x0000000000043bfc                _puts_r
 .text.puts     0x0000000000043c7c       0x14 c:/intelfpga_lite/18.1/nios2eds/bin/gnu/h-x86_64-mingw32/bin/../lib/gcc/nios2-elf/5.3.0/../../../../../H-x86_64-mingw32/nios2-elf/lib\libsmallc.a(lib_a-puts.o)
                0x0000000000043c7c                puts
 .text          0x0000000000043c90        0x0 c:/intelfpga_lite/18.1/nios2eds/bin/gnu/h-x86_64-mingw32/bin/../lib/gcc/nios2-elf/5.3.0/../../../../../H-x86_64-mingw32/nios2-elf/lib\libsmallc.a(lib_a-strlen.o)
 .text.strlen   0x0000000000043c90       0x1c c:/intelfpga_lite/18.1/nios2eds/bin/gnu/h-x86_64-mingw32/bin/../lib/gcc/nios2-elf/5.3.0/../../../../../H-x86_64-mingw32/nios2-elf/lib\libsmallc.a(lib_a-strlen.o)
                0x0000000000043c90                strlen
 .text          0x0000000000043cac        0x0 c:/intelfpga_lite/18.1/nios2eds/bin/gnu/h-x86_64-mingw32/bin/../lib/gcc/nios2-elf/5.3.0/../../../../../H-x86_64-mingw32/nios2-elf/lib\libsmallc.a(lib_a-vfprintf.o)
 .text.print_repeat
                0x0000000000043cac       0x6c c:/intelfpga_lite/18.1/nios2eds/bin/gnu/h-x86_64-mingw32/bin/../lib/gcc/nios2-elf/5.3.0/../../../../../H-x86_64-mingw32/nios2-elf/lib\libsmallc.a(lib_a-vfprintf.o)
 .text.___vfprintf_internal_r
                0x0000000000043d18      0x524 c:/intelfpga_lite/18.1/nios2eds/bin/gnu/h-x86_64-mingw32/bin/../lib/gcc/nios2-elf/5.3.0/../../../../../H-x86_64-mingw32/nios2-elf/lib\libsmallc.a(lib_a-vfprintf.o)
                0x0000000000043d18                ___vfprintf_internal_r
 .text.__vfprintf_internal
                0x000000000004423c       0x1c c:/intelfpga_lite/18.1/nios2eds/bin/gnu/h-x86_64-mingw32/bin/../lib/gcc/nios2-elf/5.3.0/../../../../../H-x86_64-mingw32/nios2-elf/lib\libsmallc.a(lib_a-vfprintf.o)
                0x000000000004423c                __vfprintf_internal
 .text          0x0000000000044258        0x0 c:/intelfpga_lite/18.1/nios2eds/bin/gnu/h-x86_64-mingw32/bin/../lib/gcc/nios2-elf/5.3.0/../../../../../H-x86_64-mingw32/nios2-elf/lib\libsmallc.a(lib_a-fvwrite_small_dev.o)
 .text.__sfvwrite_small_dev
                0x0000000000044258       0xb8 c:/intelfpga_lite/18.1/nios2eds/bin/gnu/h-x86_64-mingw32/bin/../lib/gcc/nios2-elf/5.3.0/../../../../../H-x86_64-mingw32/nios2-elf/lib\libsmallc.a(lib_a-fvwrite_small_dev.o)
                0x0000000000044258                __sfvwrite_small_dev
 .text          0x0000000000044310        0x0 c:/intelfpga_lite/18.1/nios2eds/bin/gnu/h-x86_64-mingw32/bin/../lib/gcc/nios2-elf/5.3.0/../../../../../H-x86_64-mingw32/nios2-elf/lib\libsmallc.a(lib_a-impure.o)
 .text          0x0000000000044310        0x0 c:/intelfpga_lite/18.1/nios2eds/bin/gnu/h-x86_64-mingw32/bin/../lib/gcc/nios2-elf/5.3.0/../../../../../H-x86_64-mingw32/nios2-elf/lib\libsmallc.a(lib_a-writer.o)
 .text._write_r
                0x0000000000044310       0x58 c:/intelfpga_lite/18.1/nios2eds/bin/gnu/h-x86_64-mingw32/bin/../lib/gcc/nios2-elf/5.3.0/../../../../../H-x86_64-mingw32/nios2-elf/lib\libsmallc.a(lib_a-writer.o)
                0x0000000000044310                _write_r
 .text          0x0000000000044368        0x0 c:/intelfpga_lite/18.1/nios2eds/bin/gnu/h-x86_64-mingw32/bin/../lib/gcc/nios2-elf/5.3.0/../../../../../H-x86_64-mingw32/nios2-elf/lib\libsmallc.a(lib_a-int_errno.o)
 .text          0x0000000000044368      0x1b0 ../alarm_clock_jukebox_bsp/\libhal_bsp.a(alt_iic.o)
                0x0000000000044368                alt_ic_isr_register
                0x00000000000443b8                alt_ic_irq_enable
                0x0000000000044440                alt_ic_irq_disable
                0x00000000000444cc                alt_ic_irq_enabled
 .text          0x0000000000044518       0xf0 ../alarm_clock_jukebox_bsp/\libhal_bsp.a(alt_iic_isr_register.o)
                0x0000000000044518                alt_iic_isr_register
 .text          0x0000000000044608        0x0 ../alarm_clock_jukebox_bsp/\libhal_bsp.a(alt_irq_entry.o)
 .text          0x0000000000044608        0x0 ../alarm_clock_jukebox_bsp/\libhal_bsp.a(alt_irq_handler.o)
 .text          0x0000000000044608        0x0 ../alarm_clock_jukebox_bsp/\libhal_bsp.a(alt_irq_vars.o)
 .text          0x0000000000044608       0xec ../alarm_clock_jukebox_bsp/\libhal_bsp.a(alt_load.o)
                0x0000000000044670                alt_load
 .text          0x00000000000446f4       0x6c ../alarm_clock_jukebox_bsp/\libhal_bsp.a(alt_main.o)
                0x00000000000446f4                alt_main
 .text          0x0000000000044760      0x134 ../alarm_clock_jukebox_bsp/\libhal_bsp.a(alt_write.o)
                0x000000000004479c                write
 .text          0x0000000000044894       0xa4 ../alarm_clock_jukebox_bsp/\libhal_bsp.a(alt_sys_init.o)
                0x00000000000448c8                alt_irq_init
                0x0000000000044900                alt_sys_init
 .text          0x0000000000044938       0xc0 ../alarm_clock_jukebox_bsp/\libhal_bsp.a(altera_avalon_jtag_uart_fd.o)
                0x0000000000044938                altera_avalon_jtag_uart_read_fd
                0x0000000000044998                altera_avalon_jtag_uart_write_fd
 .text          0x00000000000449f8       0xec ../alarm_clock_jukebox_bsp/\libhal_bsp.a(altera_avalon_jtag_uart_read.o)
                0x00000000000449f8                altera_avalon_jtag_uart_read
 .text          0x0000000000044ae4       0x94 ../alarm_clock_jukebox_bsp/\libhal_bsp.a(altera_avalon_jtag_uart_write.o)
                0x0000000000044ae4                altera_avalon_jtag_uart_write
 .text          0x0000000000044b78      0x10c ../alarm_clock_jukebox_bsp/\libhal_bsp.a(alt_close.o)
                0x0000000000044bb4                close
 .text          0x0000000000044c84       0x20 ../alarm_clock_jukebox_bsp/\libhal_bsp.a(alt_dcache_flush_all.o)
                0x0000000000044c84                alt_dcache_flush_all
 .text          0x0000000000044ca4       0x2c ../alarm_clock_jukebox_bsp/\libhal_bsp.a(alt_dev.o)
 .text          0x0000000000044cd0       0xe0 ../alarm_clock_jukebox_bsp/\libhal_bsp.a(alt_dev_llist_insert.o)
                0x0000000000044d0c                alt_dev_llist_insert
 .text          0x0000000000044db0        0x0 ../alarm_clock_jukebox_bsp/\libhal_bsp.a(alt_errno.o)
 .text          0x0000000000044db0        0x0 ../alarm_clock_jukebox_bsp/\libhal_bsp.a(alt_exception_entry.o)
 .text          0x0000000000044db0       0x34 ../alarm_clock_jukebox_bsp/\libhal_bsp.a(alt_icache_flush_all.o)
                0x0000000000044db0                alt_icache_flush_all
 .text          0x0000000000044de4       0x9c ../alarm_clock_jukebox_bsp/\libhal_bsp.a(alt_instruction_exception_entry.o)
                0x0000000000044de4                alt_exception_cause_generated_bad_addr
 .text          0x0000000000044e80      0x140 ../alarm_clock_jukebox_bsp/\libhal_bsp.a(alt_io_redirect.o)
                0x0000000000044f44                alt_io_redirect
 .text          0x0000000000044fc0      0x254 ../alarm_clock_jukebox_bsp/\libhal_bsp.a(alt_open.o)
                0x00000000000450c0                open
 .text          0x0000000000045214       0x64 ../alarm_clock_jukebox_bsp/\libhal_bsp.a(alt_release_fd.o)
                0x0000000000045214                alt_release_fd
 .text          0x0000000000045278       0x24 ../alarm_clock_jukebox_bsp/\libhal_bsp.a(altera_nios2_gen2_irq.o)
                0x0000000000045278                altera_nios2_gen2_irq_init
 .text          0x000000000004529c       0x90 ../alarm_clock_jukebox_bsp/\libhal_bsp.a(alt_find_dev.o)
                0x000000000004529c                alt_find_dev
 .text          0x000000000004532c      0x108 ../alarm_clock_jukebox_bsp/\libhal_bsp.a(alt_find_file.o)
                0x000000000004532c                alt_find_file
 .text          0x0000000000045434       0xa4 ../alarm_clock_jukebox_bsp/\libhal_bsp.a(alt_get_fd.o)
                0x0000000000045434                alt_get_fd
 .text          0x00000000000454d8       0x90 ../alarm_clock_jukebox_bsp/\libhal_bsp.a(alt_icache_flush.o)
                0x00000000000454d8                alt_icache_flush
 .text          0x0000000000045568        0x0 c:/intelfpga_lite/18.1/nios2eds/bin/gnu/h-x86_64-mingw32/bin/../lib/gcc/nios2-elf/5.3.0/../../../../../H-x86_64-mingw32/nios2-elf/lib\libsmallc.a(lib_a-exit.o)
 .text.exit     0x0000000000045568       0x20 c:/intelfpga_lite/18.1/nios2eds/bin/gnu/h-x86_64-mingw32/bin/../lib/gcc/nios2-elf/5.3.0/../../../../../H-x86_64-mingw32/nios2-elf/lib\libsmallc.a(lib_a-exit.o)
                0x0000000000045568                exit
 .text          0x0000000000045588        0x0 c:/intelfpga_lite/18.1/nios2eds/bin/gnu/h-x86_64-mingw32/bin/../lib/gcc/nios2-elf/5.3.0/../../../../../H-x86_64-mingw32/nios2-elf/lib\libsmallc.a(lib_a-memcmp.o)
 .text.memcmp   0x0000000000045588       0x30 c:/intelfpga_lite/18.1/nios2eds/bin/gnu/h-x86_64-mingw32/bin/../lib/gcc/nios2-elf/5.3.0/../../../../../H-x86_64-mingw32/nios2-elf/lib\libsmallc.a(lib_a-memcmp.o)
                0x0000000000045588                memcmp
 .text          0x00000000000455b8        0x0 c:/intelfpga_lite/18.1/nios2eds/bin/gnu/h-x86_64-mingw32/bin/../lib/gcc/nios2-elf/5.3.0/../../../../../H-x86_64-mingw32/nios2-elf/lib\libsmallc.a(lib_a-__call_atexit.o)
 .text.__call_exitprocs
                0x00000000000455b8      0x190 c:/intelfpga_lite/18.1/nios2eds/bin/gnu/h-x86_64-mingw32/bin/../lib/gcc/nios2-elf/5.3.0/../../../../../H-x86_64-mingw32/nios2-elf/lib\libsmallc.a(lib_a-__call_atexit.o)
                0x00000000000455b8                __call_exitprocs
 .text          0x0000000000045748       0x34 ../alarm_clock_jukebox_bsp/\libhal_bsp.a(alt_exit.o)
                0x0000000000045748                _exit
 *(.gnu.warning.*)
 *(.fini)
                [!provide]                        PROVIDE (__etext, ABSOLUTE (.))
                [!provide]                        PROVIDE (_etext, ABSOLUTE (.))
                [!provide]                        PROVIDE (etext, ABSOLUTE (.))
 *(.eh_frame_hdr)
                0x000000000004577c                . = ALIGN (0x4)
                [!provide]                        PROVIDE (__preinit_array_start, ABSOLUTE (.))
 *(.preinit_array)
                [!provide]                        PROVIDE (__preinit_array_end, ABSOLUTE (.))
                [!provide]                        PROVIDE (__init_array_start, ABSOLUTE (.))
 *(.init_array)
                [!provide]                        PROVIDE (__init_array_end, ABSOLUTE (.))
                [!provide]                        PROVIDE (__fini_array_start, ABSOLUTE (.))
 *(.fini_array)
                [!provide]                        PROVIDE (__fini_array_end, ABSOLUTE (.))
 *(.eh_frame)
 *(.gcc_except_table .gcc_except_table.*)
 *(.dynamic)
                [!provide]                        PROVIDE (__CTOR_LIST__, ABSOLUTE (.))
 *(.ctors)
 *(SORT(.ctors.*))
                [!provide]                        PROVIDE (__CTOR_END__, ABSOLUTE (.))
                [!provide]                        PROVIDE (__DTOR_LIST__, ABSOLUTE (.))
 *(.dtors)
 *(SORT(.dtors.*))
                [!provide]                        PROVIDE (__DTOR_END__, ABSOLUTE (.))
 *(.jcr)
                0x000000000004577c                . = ALIGN (0x4)

.rodata         0x000000000004577c     0x1b04
                0x000000000004577c                PROVIDE (__ram_rodata_start, ABSOLUTE (.))
                0x000000000004577c                . = ALIGN (0x4)
 *(.rodata .rodata.* .gnu.linkonce.r.*)
 .rodata        0x000000000004577c        0xb obj/default/Src/display.o
                0x000000000004577c                COM_ANODE_SEG_TABLE
 *fill*         0x0000000000045787        0x1 
 .rodata        0x0000000000045788       0x68 obj/default/Src/main.o
 .rodata        0x00000000000457f0      0x1cf obj/default/Src/pwm.o
                0x00000000000457f0                duty_cycle_lookup_table
 *fill*         0x00000000000459bf        0x1 
 .rodata        0x00000000000459c0     0x1726 obj/default/Src/rtttl.o
 .rodata        0x00000000000470e6       0x60 obj/default/Src/switches.o
                0x00000000000470e6                mode_lookup_table
 .rodata        0x0000000000047146      0x100 c:/intelfpga_lite/18.1/nios2eds/bin/gnu/h-x86_64-mingw32/bin/../lib/gcc/nios2-elf/5.3.0\libgcc.a(_clz.o)
                0x0000000000047146                __clz_tab
 *fill*         0x0000000000047246        0x2 
 .rodata.str1.4
                0x0000000000047248        0x4 c:/intelfpga_lite/18.1/nios2eds/bin/gnu/h-x86_64-mingw32/bin/../lib/gcc/nios2-elf/5.3.0/../../../../../H-x86_64-mingw32/nios2-elf/lib\libsmallc.a(lib_a-puts.o)
                                          0x2 (size before relaxing)
 .rodata        0x000000000004724c       0x11 ../alarm_clock_jukebox_bsp/\libhal_bsp.a(alt_main.o)
 *fill*         0x000000000004725d        0x3 
 .rodata        0x0000000000047260       0x11 ../alarm_clock_jukebox_bsp/\libhal_bsp.a(alt_sys_init.o)
 *fill*         0x0000000000047271        0x3 
 .rodata        0x0000000000047274        0xa ../alarm_clock_jukebox_bsp/\libhal_bsp.a(alt_dev.o)
 *(.rodata1)
                0x0000000000047280                . = ALIGN (0x4)
 *fill*         0x000000000004727e        0x2 
                0x0000000000047280                PROVIDE (__ram_rodata_end, ABSOLUTE (.))
                0x000000000004577c                PROVIDE (__flash_rodata_start, LOADADDR (.rodata))

.rwdata         0x0000000000047280      0x39c load address 0x000000000004761c
                0x0000000000047280                PROVIDE (__ram_rwdata_start, ABSOLUTE (.))
                0x0000000000047280                . = ALIGN (0x4)
 *(.got.plt)
 *(.got)
 *(.data1)
 *(.data .data.* .gnu.linkonce.d.*)
 .data          0x0000000000047280        0x0 ../alarm_clock_jukebox_bsp//obj/HAL/src/crt0.o
 .data          0x0000000000047280        0x0 obj/default/Src/altera_avalon_pwm_routines.o
 .data          0x0000000000047280        0x0 obj/default/Src/display.o
 .data          0x0000000000047280        0x0 obj/default/Src/interrupt.o
 .data          0x0000000000047280        0x0 obj/default/Src/led.o
 .data          0x0000000000047280        0x0 obj/default/Src/main.o
 .data          0x0000000000047280        0x0 obj/default/Src/pwm.o
 .data          0x0000000000047280       0xa8 obj/default/Src/rtttl.o
                0x0000000000047280                song
                0x00000000000472f8                notefreq
 .data          0x0000000000047328        0x0 obj/default/Src/switches.o
 .data          0x0000000000047328        0x0 obj/default/Src/time_keeper.o
 .data          0x0000000000047328        0x0 c:/intelfpga_lite/18.1/nios2eds/bin/gnu/h-x86_64-mingw32/bin/../lib/gcc/nios2-elf/5.3.0\libgcc.a(_fixunssfsi.o)
 .data          0x0000000000047328        0x0 c:/intelfpga_lite/18.1/nios2eds/bin/gnu/h-x86_64-mingw32/bin/../lib/gcc/nios2-elf/5.3.0\libgcc.a(lib2-divmod.o)
 .data          0x0000000000047328        0x0 c:/intelfpga_lite/18.1/nios2eds/bin/gnu/h-x86_64-mingw32/bin/../lib/gcc/nios2-elf/5.3.0\libgcc.a(gesf2.o)
 .data          0x0000000000047328        0x0 c:/intelfpga_lite/18.1/nios2eds/bin/gnu/h-x86_64-mingw32/bin/../lib/gcc/nios2-elf/5.3.0\libgcc.a(mulsf3.o)
 .data          0x0000000000047328        0x0 c:/intelfpga_lite/18.1/nios2eds/bin/gnu/h-x86_64-mingw32/bin/../lib/gcc/nios2-elf/5.3.0\libgcc.a(subsf3.o)
 .data          0x0000000000047328        0x0 c:/intelfpga_lite/18.1/nios2eds/bin/gnu/h-x86_64-mingw32/bin/../lib/gcc/nios2-elf/5.3.0\libgcc.a(fixsfsi.o)
 .data          0x0000000000047328        0x0 c:/intelfpga_lite/18.1/nios2eds/bin/gnu/h-x86_64-mingw32/bin/../lib/gcc/nios2-elf/5.3.0\libgcc.a(floatunsisf.o)
 .data          0x0000000000047328        0x0 c:/intelfpga_lite/18.1/nios2eds/bin/gnu/h-x86_64-mingw32/bin/../lib/gcc/nios2-elf/5.3.0\libgcc.a(_clzsi2.o)
 .data          0x0000000000047328        0x0 c:/intelfpga_lite/18.1/nios2eds/bin/gnu/h-x86_64-mingw32/bin/../lib/gcc/nios2-elf/5.3.0\libgcc.a(_clz.o)
 .data          0x0000000000047328        0x0 c:/intelfpga_lite/18.1/nios2eds/bin/gnu/h-x86_64-mingw32/bin/../lib/gcc/nios2-elf/5.3.0/../../../../../H-x86_64-mingw32/nios2-elf/lib\libsmallc.a(lib_a-printf.o)
 .data          0x0000000000047328        0x0 c:/intelfpga_lite/18.1/nios2eds/bin/gnu/h-x86_64-mingw32/bin/../lib/gcc/nios2-elf/5.3.0/../../../../../H-x86_64-mingw32/nios2-elf/lib\libsmallc.a(lib_a-puts.o)
 .data          0x0000000000047328        0x0 c:/intelfpga_lite/18.1/nios2eds/bin/gnu/h-x86_64-mingw32/bin/../lib/gcc/nios2-elf/5.3.0/../../../../../H-x86_64-mingw32/nios2-elf/lib\libsmallc.a(lib_a-strlen.o)
 .data          0x0000000000047328        0x0 c:/intelfpga_lite/18.1/nios2eds/bin/gnu/h-x86_64-mingw32/bin/../lib/gcc/nios2-elf/5.3.0/../../../../../H-x86_64-mingw32/nios2-elf/lib\libsmallc.a(lib_a-vfprintf.o)
 .data          0x0000000000047328        0x0 c:/intelfpga_lite/18.1/nios2eds/bin/gnu/h-x86_64-mingw32/bin/../lib/gcc/nios2-elf/5.3.0/../../../../../H-x86_64-mingw32/nios2-elf/lib\libsmallc.a(lib_a-fvwrite_small_dev.o)
 .data          0x0000000000047328        0x0 c:/intelfpga_lite/18.1/nios2eds/bin/gnu/h-x86_64-mingw32/bin/../lib/gcc/nios2-elf/5.3.0/../../../../../H-x86_64-mingw32/nios2-elf/lib\libsmallc.a(lib_a-impure.o)
 .data.impure_data
                0x0000000000047328       0xe0 c:/intelfpga_lite/18.1/nios2eds/bin/gnu/h-x86_64-mingw32/bin/../lib/gcc/nios2-elf/5.3.0/../../../../../H-x86_64-mingw32/nios2-elf/lib\libsmallc.a(lib_a-impure.o)
 .data          0x0000000000047408        0x0 c:/intelfpga_lite/18.1/nios2eds/bin/gnu/h-x86_64-mingw32/bin/../lib/gcc/nios2-elf/5.3.0/../../../../../H-x86_64-mingw32/nios2-elf/lib\libsmallc.a(lib_a-writer.o)
 .data          0x0000000000047408        0x0 c:/intelfpga_lite/18.1/nios2eds/bin/gnu/h-x86_64-mingw32/bin/../lib/gcc/nios2-elf/5.3.0/../../../../../H-x86_64-mingw32/nios2-elf/lib\libsmallc.a(lib_a-int_errno.o)
 .data          0x0000000000047408        0x0 ../alarm_clock_jukebox_bsp/\libhal_bsp.a(alt_iic.o)
 .data          0x0000000000047408        0x0 ../alarm_clock_jukebox_bsp/\libhal_bsp.a(alt_iic_isr_register.o)
 .data          0x0000000000047408        0x0 ../alarm_clock_jukebox_bsp/\libhal_bsp.a(alt_irq_entry.o)
 .data          0x0000000000047408        0x0 ../alarm_clock_jukebox_bsp/\libhal_bsp.a(alt_irq_handler.o)
 .data          0x0000000000047408        0x0 ../alarm_clock_jukebox_bsp/\libhal_bsp.a(alt_irq_vars.o)
 .data          0x0000000000047408        0x0 ../alarm_clock_jukebox_bsp/\libhal_bsp.a(alt_load.o)
 .data          0x0000000000047408        0x0 ../alarm_clock_jukebox_bsp/\libhal_bsp.a(alt_main.o)
 .data          0x0000000000047408        0x0 ../alarm_clock_jukebox_bsp/\libhal_bsp.a(alt_write.o)
 .data          0x0000000000047408       0x2c ../alarm_clock_jukebox_bsp/\libhal_bsp.a(alt_sys_init.o)
 .data          0x0000000000047434        0x0 ../alarm_clock_jukebox_bsp/\libhal_bsp.a(altera_avalon_jtag_uart_fd.o)
 .data          0x0000000000047434        0x0 ../alarm_clock_jukebox_bsp/\libhal_bsp.a(altera_avalon_jtag_uart_read.o)
 .data          0x0000000000047434        0x0 ../alarm_clock_jukebox_bsp/\libhal_bsp.a(altera_avalon_jtag_uart_write.o)
 .data          0x0000000000047434        0x0 ../alarm_clock_jukebox_bsp/\libhal_bsp.a(alt_close.o)
 .data          0x0000000000047434        0x0 ../alarm_clock_jukebox_bsp/\libhal_bsp.a(alt_dcache_flush_all.o)
 .data          0x0000000000047434      0x1a8 ../alarm_clock_jukebox_bsp/\libhal_bsp.a(alt_dev.o)
                0x0000000000047434                alt_dev_null
                0x000000000004745c                alt_fd_list
 .data          0x00000000000475dc        0x0 ../alarm_clock_jukebox_bsp/\libhal_bsp.a(alt_dev_llist_insert.o)
 .data          0x00000000000475dc        0x0 ../alarm_clock_jukebox_bsp/\libhal_bsp.a(alt_errno.o)
 .data          0x00000000000475dc        0x0 ../alarm_clock_jukebox_bsp/\libhal_bsp.a(alt_exception_entry.o)
 .data          0x00000000000475dc        0x0 ../alarm_clock_jukebox_bsp/\libhal_bsp.a(alt_icache_flush_all.o)
 .data          0x00000000000475dc        0x0 ../alarm_clock_jukebox_bsp/\libhal_bsp.a(alt_instruction_exception_entry.o)
 .data          0x00000000000475dc        0x0 ../alarm_clock_jukebox_bsp/\libhal_bsp.a(alt_io_redirect.o)
 .data          0x00000000000475dc        0x0 ../alarm_clock_jukebox_bsp/\libhal_bsp.a(alt_open.o)
 .data          0x00000000000475dc        0x0 ../alarm_clock_jukebox_bsp/\libhal_bsp.a(alt_release_fd.o)
 .data          0x00000000000475dc        0x0 ../alarm_clock_jukebox_bsp/\libhal_bsp.a(altera_nios2_gen2_irq.o)
 .data          0x00000000000475dc        0x0 ../alarm_clock_jukebox_bsp/\libhal_bsp.a(alt_find_dev.o)
 .data          0x00000000000475dc        0x0 ../alarm_clock_jukebox_bsp/\libhal_bsp.a(alt_find_file.o)
 .data          0x00000000000475dc        0x0 ../alarm_clock_jukebox_bsp/\libhal_bsp.a(alt_get_fd.o)
 .data          0x00000000000475dc        0x0 ../alarm_clock_jukebox_bsp/\libhal_bsp.a(alt_icache_flush.o)
 .data          0x00000000000475dc        0x0 c:/intelfpga_lite/18.1/nios2eds/bin/gnu/h-x86_64-mingw32/bin/../lib/gcc/nios2-elf/5.3.0/../../../../../H-x86_64-mingw32/nios2-elf/lib\libsmallc.a(lib_a-exit.o)
 .data          0x00000000000475dc        0x0 c:/intelfpga_lite/18.1/nios2eds/bin/gnu/h-x86_64-mingw32/bin/../lib/gcc/nios2-elf/5.3.0/../../../../../H-x86_64-mingw32/nios2-elf/lib\libsmallc.a(lib_a-memcmp.o)
 .data          0x00000000000475dc        0x0 c:/intelfpga_lite/18.1/nios2eds/bin/gnu/h-x86_64-mingw32/bin/../lib/gcc/nios2-elf/5.3.0/../../../../../H-x86_64-mingw32/nios2-elf/lib\libsmallc.a(lib_a-__call_atexit.o)
 .data          0x00000000000475dc        0x0 ../alarm_clock_jukebox_bsp/\libhal_bsp.a(alt_exit.o)
                0x000000000004f5dc                _gp = ABSOLUTE ((. + 0x8000))
                [!provide]                        PROVIDE (gp, _gp)
 *(.rwdata .rwdata.*)
 *(.sdata .sdata.* .gnu.linkonce.s.*)
 .sdata         0x00000000000475dc        0x1 obj/default/Src/pwm.o
                0x00000000000475dc                volume
 *fill*         0x00000000000475dd        0x3 
 .sdata         0x00000000000475e0        0xc obj/default/Src/rtttl.o
                0x00000000000475e0                defdur
                0x00000000000475e4                defscale
                0x00000000000475e8                bpm
 .sdata         0x00000000000475ec        0x6 obj/default/Src/switches.o
                0x00000000000475ec                unused_switches
 .sdata         0x00000000000475f2        0x4 obj/default/Src/time_keeper.o
                0x00000000000475f2                reset_clock_value
                0x00000000000475f5                time_format
 *fill*         0x00000000000475f6        0x2 
 .sdata._global_impure_ptr
                0x00000000000475f8        0x4 c:/intelfpga_lite/18.1/nios2eds/bin/gnu/h-x86_64-mingw32/bin/../lib/gcc/nios2-elf/5.3.0/../../../../../H-x86_64-mingw32/nios2-elf/lib\libsmallc.a(lib_a-impure.o)
                0x00000000000475f8                _global_impure_ptr
 .sdata._impure_ptr
                0x00000000000475fc        0x4 c:/intelfpga_lite/18.1/nios2eds/bin/gnu/h-x86_64-mingw32/bin/../lib/gcc/nios2-elf/5.3.0/../../../../../H-x86_64-mingw32/nios2-elf/lib\libsmallc.a(lib_a-impure.o)
                0x00000000000475fc                _impure_ptr
 .sdata         0x0000000000047600        0x4 ../alarm_clock_jukebox_bsp/\libhal_bsp.a(alt_irq_vars.o)
                0x0000000000047600                alt_priority_mask
 .sdata         0x0000000000047604       0x14 ../alarm_clock_jukebox_bsp/\libhal_bsp.a(alt_dev.o)
                0x0000000000047604                alt_fs_list
                0x000000000004760c                alt_dev_list
                0x0000000000047614                alt_max_fd
 .sdata         0x0000000000047618        0x4 ../alarm_clock_jukebox_bsp/\libhal_bsp.a(alt_errno.o)
                0x0000000000047618                alt_errno
 *(.sdata2 .sdata2.* .gnu.linkonce.s2.*)
                0x000000000004761c                . = ALIGN (0x4)
                0x000000000004761c                _edata = ABSOLUTE (.)
                [!provide]                        PROVIDE (edata, ABSOLUTE (.))
                0x000000000004761c                PROVIDE (__ram_rwdata_end, ABSOLUTE (.))
                0x000000000004761c                PROVIDE (__flash_rwdata_start, LOADADDR (.rwdata))

.bss            0x00000000000479b8      0x138
                0x00000000000479b8                __bss_start = ABSOLUTE (.)
                [!provide]                        PROVIDE (__sbss_start, ABSOLUTE (.))
                [!provide]                        PROVIDE (___sbss_start, ABSOLUTE (.))
 *(.dynsbss)
 *(.sbss .sbss.* .gnu.linkonce.sb.*)
 .sbss          0x00000000000479b8        0x6 obj/default/Src/main.o
                0x00000000000479b8                mode
 *fill*         0x00000000000479be        0x2 
 .sbss          0x00000000000479c0        0xc obj/default/Src/rtttl.o
                0x00000000000479c0                song_index
                0x00000000000479c4                silence
                0x00000000000479c8                p
 .sbss          0x00000000000479cc        0x6 obj/default/Src/switches.o
 .sbss          0x00000000000479d2        0x6 obj/default/Src/time_keeper.o
                0x00000000000479d2                alarm
                0x00000000000479d5                clock
 .sbss          0x00000000000479d8        0x4 c:/intelfpga_lite/18.1/nios2eds/bin/gnu/h-x86_64-mingw32/bin/../lib/gcc/nios2-elf/5.3.0/../../../../../H-x86_64-mingw32/nios2-elf/lib\libsmallc.a(lib_a-int_errno.o)
                0x00000000000479d8                errno
 .sbss          0x00000000000479dc        0x4 ../alarm_clock_jukebox_bsp/\libhal_bsp.a(alt_irq_vars.o)
                0x00000000000479dc                alt_irq_active
 .sbss          0x00000000000479e0        0xc ../alarm_clock_jukebox_bsp/\libhal_bsp.a(alt_main.o)
                0x00000000000479e0                alt_argc
                0x00000000000479e4                alt_argv
                0x00000000000479e8                alt_envp
 .sbss          0x00000000000479ec        0x4 ../alarm_clock_jukebox_bsp/\libhal_bsp.a(alt_instruction_exception_entry.o)
                0x00000000000479ec                alt_instruction_exception_handler
 *(.sbss2 .sbss2.* .gnu.linkonce.sb2.*)
 *(.scommon)
                [!provide]                        PROVIDE (__sbss_end, ABSOLUTE (.))
                [!provide]                        PROVIDE (___sbss_end, ABSOLUTE (.))
 *(.dynbss)
 *(.bss .bss.* .gnu.linkonce.b.*)
 .bss           0x00000000000479f0        0x0 ../alarm_clock_jukebox_bsp//obj/HAL/src/crt0.o
 .bss           0x00000000000479f0        0x0 obj/default/Src/altera_avalon_pwm_routines.o
 .bss           0x00000000000479f0        0x0 obj/default/Src/display.o
 .bss           0x00000000000479f0        0x0 obj/default/Src/interrupt.o
 .bss           0x00000000000479f0        0x0 obj/default/Src/led.o
 .bss           0x00000000000479f0        0x0 obj/default/Src/main.o
 .bss           0x00000000000479f0        0x0 obj/default/Src/pwm.o
 .bss           0x00000000000479f0        0x0 obj/default/Src/rtttl.o
 .bss           0x00000000000479f0        0x0 obj/default/Src/switches.o
 .bss           0x00000000000479f0        0x0 obj/default/Src/time_keeper.o
 .bss           0x00000000000479f0        0x0 c:/intelfpga_lite/18.1/nios2eds/bin/gnu/h-x86_64-mingw32/bin/../lib/gcc/nios2-elf/5.3.0\libgcc.a(_fixunssfsi.o)
 .bss           0x00000000000479f0        0x0 c:/intelfpga_lite/18.1/nios2eds/bin/gnu/h-x86_64-mingw32/bin/../lib/gcc/nios2-elf/5.3.0\libgcc.a(lib2-divmod.o)
 .bss           0x00000000000479f0        0x0 c:/intelfpga_lite/18.1/nios2eds/bin/gnu/h-x86_64-mingw32/bin/../lib/gcc/nios2-elf/5.3.0\libgcc.a(gesf2.o)
 .bss           0x00000000000479f0        0x0 c:/intelfpga_lite/18.1/nios2eds/bin/gnu/h-x86_64-mingw32/bin/../lib/gcc/nios2-elf/5.3.0\libgcc.a(mulsf3.o)
 .bss           0x00000000000479f0        0x0 c:/intelfpga_lite/18.1/nios2eds/bin/gnu/h-x86_64-mingw32/bin/../lib/gcc/nios2-elf/5.3.0\libgcc.a(subsf3.o)
 .bss           0x00000000000479f0        0x0 c:/intelfpga_lite/18.1/nios2eds/bin/gnu/h-x86_64-mingw32/bin/../lib/gcc/nios2-elf/5.3.0\libgcc.a(fixsfsi.o)
 .bss           0x00000000000479f0        0x0 c:/intelfpga_lite/18.1/nios2eds/bin/gnu/h-x86_64-mingw32/bin/../lib/gcc/nios2-elf/5.3.0\libgcc.a(floatunsisf.o)
 .bss           0x00000000000479f0        0x0 c:/intelfpga_lite/18.1/nios2eds/bin/gnu/h-x86_64-mingw32/bin/../lib/gcc/nios2-elf/5.3.0\libgcc.a(_clzsi2.o)
 .bss           0x00000000000479f0        0x0 c:/intelfpga_lite/18.1/nios2eds/bin/gnu/h-x86_64-mingw32/bin/../lib/gcc/nios2-elf/5.3.0\libgcc.a(_clz.o)
 .bss           0x00000000000479f0        0x0 c:/intelfpga_lite/18.1/nios2eds/bin/gnu/h-x86_64-mingw32/bin/../lib/gcc/nios2-elf/5.3.0/../../../../../H-x86_64-mingw32/nios2-elf/lib\libsmallc.a(lib_a-printf.o)
 .bss           0x00000000000479f0        0x0 c:/intelfpga_lite/18.1/nios2eds/bin/gnu/h-x86_64-mingw32/bin/../lib/gcc/nios2-elf/5.3.0/../../../../../H-x86_64-mingw32/nios2-elf/lib\libsmallc.a(lib_a-puts.o)
 .bss           0x00000000000479f0        0x0 c:/intelfpga_lite/18.1/nios2eds/bin/gnu/h-x86_64-mingw32/bin/../lib/gcc/nios2-elf/5.3.0/../../../../../H-x86_64-mingw32/nios2-elf/lib\libsmallc.a(lib_a-strlen.o)
 .bss           0x00000000000479f0        0x0 c:/intelfpga_lite/18.1/nios2eds/bin/gnu/h-x86_64-mingw32/bin/../lib/gcc/nios2-elf/5.3.0/../../../../../H-x86_64-mingw32/nios2-elf/lib\libsmallc.a(lib_a-vfprintf.o)
 .bss           0x00000000000479f0        0x0 c:/intelfpga_lite/18.1/nios2eds/bin/gnu/h-x86_64-mingw32/bin/../lib/gcc/nios2-elf/5.3.0/../../../../../H-x86_64-mingw32/nios2-elf/lib\libsmallc.a(lib_a-fvwrite_small_dev.o)
 .bss           0x00000000000479f0        0x0 c:/intelfpga_lite/18.1/nios2eds/bin/gnu/h-x86_64-mingw32/bin/../lib/gcc/nios2-elf/5.3.0/../../../../../H-x86_64-mingw32/nios2-elf/lib\libsmallc.a(lib_a-impure.o)
 .bss           0x00000000000479f0        0x0 c:/intelfpga_lite/18.1/nios2eds/bin/gnu/h-x86_64-mingw32/bin/../lib/gcc/nios2-elf/5.3.0/../../../../../H-x86_64-mingw32/nios2-elf/lib\libsmallc.a(lib_a-writer.o)
 .bss           0x00000000000479f0        0x0 c:/intelfpga_lite/18.1/nios2eds/bin/gnu/h-x86_64-mingw32/bin/../lib/gcc/nios2-elf/5.3.0/../../../../../H-x86_64-mingw32/nios2-elf/lib\libsmallc.a(lib_a-int_errno.o)
 .bss           0x00000000000479f0        0x0 ../alarm_clock_jukebox_bsp/\libhal_bsp.a(alt_iic.o)
 .bss           0x00000000000479f0        0x0 ../alarm_clock_jukebox_bsp/\libhal_bsp.a(alt_iic_isr_register.o)
 .bss           0x00000000000479f0        0x0 ../alarm_clock_jukebox_bsp/\libhal_bsp.a(alt_irq_entry.o)
 .bss           0x00000000000479f0        0x0 ../alarm_clock_jukebox_bsp/\libhal_bsp.a(alt_irq_handler.o)
 .bss           0x00000000000479f0        0x0 ../alarm_clock_jukebox_bsp/\libhal_bsp.a(alt_irq_vars.o)
 .bss           0x00000000000479f0        0x0 ../alarm_clock_jukebox_bsp/\libhal_bsp.a(alt_load.o)
 .bss           0x00000000000479f0        0x0 ../alarm_clock_jukebox_bsp/\libhal_bsp.a(alt_main.o)
 .bss           0x00000000000479f0        0x0 ../alarm_clock_jukebox_bsp/\libhal_bsp.a(alt_write.o)
 .bss           0x00000000000479f0        0x0 ../alarm_clock_jukebox_bsp/\libhal_bsp.a(alt_sys_init.o)
 .bss           0x00000000000479f0        0x0 ../alarm_clock_jukebox_bsp/\libhal_bsp.a(altera_avalon_jtag_uart_fd.o)
 .bss           0x00000000000479f0        0x0 ../alarm_clock_jukebox_bsp/\libhal_bsp.a(altera_avalon_jtag_uart_read.o)
 .bss           0x00000000000479f0        0x0 ../alarm_clock_jukebox_bsp/\libhal_bsp.a(altera_avalon_jtag_uart_write.o)
 .bss           0x00000000000479f0        0x0 ../alarm_clock_jukebox_bsp/\libhal_bsp.a(alt_close.o)
 .bss           0x00000000000479f0        0x0 ../alarm_clock_jukebox_bsp/\libhal_bsp.a(alt_dcache_flush_all.o)
 .bss           0x00000000000479f0        0x0 ../alarm_clock_jukebox_bsp/\libhal_bsp.a(alt_dev.o)
 .bss           0x00000000000479f0        0x0 ../alarm_clock_jukebox_bsp/\libhal_bsp.a(alt_dev_llist_insert.o)
 .bss           0x00000000000479f0        0x0 ../alarm_clock_jukebox_bsp/\libhal_bsp.a(alt_errno.o)
 .bss           0x00000000000479f0        0x0 ../alarm_clock_jukebox_bsp/\libhal_bsp.a(alt_exception_entry.o)
 .bss           0x00000000000479f0        0x0 ../alarm_clock_jukebox_bsp/\libhal_bsp.a(alt_icache_flush_all.o)
 .bss           0x00000000000479f0        0x0 ../alarm_clock_jukebox_bsp/\libhal_bsp.a(alt_instruction_exception_entry.o)
 .bss           0x00000000000479f0        0x0 ../alarm_clock_jukebox_bsp/\libhal_bsp.a(alt_io_redirect.o)
 .bss           0x00000000000479f0        0x0 ../alarm_clock_jukebox_bsp/\libhal_bsp.a(alt_open.o)
 .bss           0x00000000000479f0        0x0 ../alarm_clock_jukebox_bsp/\libhal_bsp.a(alt_release_fd.o)
 .bss           0x00000000000479f0        0x0 ../alarm_clock_jukebox_bsp/\libhal_bsp.a(altera_nios2_gen2_irq.o)
 .bss           0x00000000000479f0        0x0 ../alarm_clock_jukebox_bsp/\libhal_bsp.a(alt_find_dev.o)
 .bss           0x00000000000479f0        0x0 ../alarm_clock_jukebox_bsp/\libhal_bsp.a(alt_find_file.o)
 .bss           0x00000000000479f0        0x0 ../alarm_clock_jukebox_bsp/\libhal_bsp.a(alt_get_fd.o)
 .bss           0x00000000000479f0        0x0 ../alarm_clock_jukebox_bsp/\libhal_bsp.a(alt_icache_flush.o)
 .bss           0x00000000000479f0        0x0 c:/intelfpga_lite/18.1/nios2eds/bin/gnu/h-x86_64-mingw32/bin/../lib/gcc/nios2-elf/5.3.0/../../../../../H-x86_64-mingw32/nios2-elf/lib\libsmallc.a(lib_a-exit.o)
 .bss           0x00000000000479f0        0x0 c:/intelfpga_lite/18.1/nios2eds/bin/gnu/h-x86_64-mingw32/bin/../lib/gcc/nios2-elf/5.3.0/../../../../../H-x86_64-mingw32/nios2-elf/lib\libsmallc.a(lib_a-memcmp.o)
 .bss           0x00000000000479f0        0x0 c:/intelfpga_lite/18.1/nios2eds/bin/gnu/h-x86_64-mingw32/bin/../lib/gcc/nios2-elf/5.3.0/../../../../../H-x86_64-mingw32/nios2-elf/lib\libsmallc.a(lib_a-__call_atexit.o)
 .bss           0x00000000000479f0        0x0 ../alarm_clock_jukebox_bsp/\libhal_bsp.a(alt_exit.o)
 *(COMMON)
 COMMON         0x00000000000479f0      0x100 ../alarm_clock_jukebox_bsp/\libhal_bsp.a(alt_irq_handler.o)
                0x00000000000479f0                alt_irq
                0x0000000000047af0                . = ALIGN (0x4)
                0x0000000000047af0                __bss_end = ABSOLUTE (.)

.onchip_memory  0x0000000000047af0        0x0
                [!provide]                        PROVIDE (_alt_partition_onchip_memory_start, ABSOLUTE (.))
 *(.onchip_memory .onchip_memory. onchip_memory.*)
                0x0000000000047af0                . = ALIGN (0x4)
                [!provide]                        PROVIDE (_alt_partition_onchip_memory_end, ABSOLUTE (.))
                0x0000000000047af0                _end = ABSOLUTE (.)
                0x0000000000047af0                end = ABSOLUTE (.)
                0x0000000000047af0                __alt_stack_base = ABSOLUTE (.)
                [!provide]                        PROVIDE (_alt_partition_onchip_memory_load_addr, LOADADDR (.onchip_memory))

.stab
 *(.stab)

.stabstr
 *(.stabstr)

.stab.excl
 *(.stab.excl)

.stab.exclstr
 *(.stab.exclstr)

.stab.index
 *(.stab.index)

.stab.indexstr
 *(.stab.indexstr)

.comment        0x0000000000000000       0x23
 *(.comment)
 .comment       0x0000000000000000       0x23 obj/default/Src/altera_avalon_pwm_routines.o
                                         0x24 (size before relaxing)
 .comment       0x0000000000000023       0x24 obj/default/Src/display.o
 .comment       0x0000000000000023       0x24 obj/default/Src/interrupt.o
 .comment       0x0000000000000023       0x24 obj/default/Src/led.o
 .comment       0x0000000000000023       0x24 obj/default/Src/main.o
 .comment       0x0000000000000023       0x24 obj/default/Src/pwm.o
 .comment       0x0000000000000023       0x24 obj/default/Src/rtttl.o
 .comment       0x0000000000000023       0x24 obj/default/Src/switches.o
 .comment       0x0000000000000023       0x24 obj/default/Src/time_keeper.o
 .comment       0x0000000000000023       0x24 c:/intelfpga_lite/18.1/nios2eds/bin/gnu/h-x86_64-mingw32/bin/../lib/gcc/nios2-elf/5.3.0\libgcc.a(_fixunssfsi.o)
 .comment       0x0000000000000023       0x24 c:/intelfpga_lite/18.1/nios2eds/bin/gnu/h-x86_64-mingw32/bin/../lib/gcc/nios2-elf/5.3.0\libgcc.a(lib2-divmod.o)
 .comment       0x0000000000000023       0x24 c:/intelfpga_lite/18.1/nios2eds/bin/gnu/h-x86_64-mingw32/bin/../lib/gcc/nios2-elf/5.3.0\libgcc.a(gesf2.o)
 .comment       0x0000000000000023       0x24 c:/intelfpga_lite/18.1/nios2eds/bin/gnu/h-x86_64-mingw32/bin/../lib/gcc/nios2-elf/5.3.0\libgcc.a(mulsf3.o)
 .comment       0x0000000000000023       0x24 c:/intelfpga_lite/18.1/nios2eds/bin/gnu/h-x86_64-mingw32/bin/../lib/gcc/nios2-elf/5.3.0\libgcc.a(subsf3.o)
 .comment       0x0000000000000023       0x24 c:/intelfpga_lite/18.1/nios2eds/bin/gnu/h-x86_64-mingw32/bin/../lib/gcc/nios2-elf/5.3.0\libgcc.a(fixsfsi.o)
 .comment       0x0000000000000023       0x24 c:/intelfpga_lite/18.1/nios2eds/bin/gnu/h-x86_64-mingw32/bin/../lib/gcc/nios2-elf/5.3.0\libgcc.a(floatunsisf.o)
 .comment       0x0000000000000023       0x24 c:/intelfpga_lite/18.1/nios2eds/bin/gnu/h-x86_64-mingw32/bin/../lib/gcc/nios2-elf/5.3.0\libgcc.a(_clzsi2.o)
 .comment       0x0000000000000023       0x24 c:/intelfpga_lite/18.1/nios2eds/bin/gnu/h-x86_64-mingw32/bin/../lib/gcc/nios2-elf/5.3.0\libgcc.a(_clz.o)
 .comment       0x0000000000000023       0x24 c:/intelfpga_lite/18.1/nios2eds/bin/gnu/h-x86_64-mingw32/bin/../lib/gcc/nios2-elf/5.3.0/../../../../../H-x86_64-mingw32/nios2-elf/lib\libsmallc.a(lib_a-printf.o)
 .comment       0x0000000000000023       0x24 c:/intelfpga_lite/18.1/nios2eds/bin/gnu/h-x86_64-mingw32/bin/../lib/gcc/nios2-elf/5.3.0/../../../../../H-x86_64-mingw32/nios2-elf/lib\libsmallc.a(lib_a-puts.o)
 .comment       0x0000000000000023       0x24 c:/intelfpga_lite/18.1/nios2eds/bin/gnu/h-x86_64-mingw32/bin/../lib/gcc/nios2-elf/5.3.0/../../../../../H-x86_64-mingw32/nios2-elf/lib\libsmallc.a(lib_a-strlen.o)
 .comment       0x0000000000000023       0x24 c:/intelfpga_lite/18.1/nios2eds/bin/gnu/h-x86_64-mingw32/bin/../lib/gcc/nios2-elf/5.3.0/../../../../../H-x86_64-mingw32/nios2-elf/lib\libsmallc.a(lib_a-vfprintf.o)
 .comment       0x0000000000000023       0x24 c:/intelfpga_lite/18.1/nios2eds/bin/gnu/h-x86_64-mingw32/bin/../lib/gcc/nios2-elf/5.3.0/../../../../../H-x86_64-mingw32/nios2-elf/lib\libsmallc.a(lib_a-fvwrite_small_dev.o)
 .comment       0x0000000000000023       0x24 c:/intelfpga_lite/18.1/nios2eds/bin/gnu/h-x86_64-mingw32/bin/../lib/gcc/nios2-elf/5.3.0/../../../../../H-x86_64-mingw32/nios2-elf/lib\libsmallc.a(lib_a-impure.o)
 .comment       0x0000000000000023       0x24 c:/intelfpga_lite/18.1/nios2eds/bin/gnu/h-x86_64-mingw32/bin/../lib/gcc/nios2-elf/5.3.0/../../../../../H-x86_64-mingw32/nios2-elf/lib\libsmallc.a(lib_a-writer.o)
 .comment       0x0000000000000023       0x24 c:/intelfpga_lite/18.1/nios2eds/bin/gnu/h-x86_64-mingw32/bin/../lib/gcc/nios2-elf/5.3.0/../../../../../H-x86_64-mingw32/nios2-elf/lib\libsmallc.a(lib_a-int_errno.o)
 .comment       0x0000000000000023       0x24 ../alarm_clock_jukebox_bsp/\libhal_bsp.a(alt_iic.o)
 .comment       0x0000000000000023       0x24 ../alarm_clock_jukebox_bsp/\libhal_bsp.a(alt_iic_isr_register.o)
 .comment       0x0000000000000023       0x24 ../alarm_clock_jukebox_bsp/\libhal_bsp.a(alt_irq_handler.o)
 .comment       0x0000000000000023       0x24 ../alarm_clock_jukebox_bsp/\libhal_bsp.a(alt_irq_vars.o)
 .comment       0x0000000000000023       0x24 ../alarm_clock_jukebox_bsp/\libhal_bsp.a(alt_load.o)
 .comment       0x0000000000000023       0x24 ../alarm_clock_jukebox_bsp/\libhal_bsp.a(alt_main.o)
 .comment       0x0000000000000023       0x24 ../alarm_clock_jukebox_bsp/\libhal_bsp.a(alt_write.o)
 .comment       0x0000000000000023       0x24 ../alarm_clock_jukebox_bsp/\libhal_bsp.a(alt_sys_init.o)
 .comment       0x0000000000000023       0x24 ../alarm_clock_jukebox_bsp/\libhal_bsp.a(altera_avalon_jtag_uart_fd.o)
 .comment       0x0000000000000023       0x24 ../alarm_clock_jukebox_bsp/\libhal_bsp.a(altera_avalon_jtag_uart_read.o)
 .comment       0x0000000000000023       0x24 ../alarm_clock_jukebox_bsp/\libhal_bsp.a(altera_avalon_jtag_uart_write.o)
 .comment       0x0000000000000023       0x24 ../alarm_clock_jukebox_bsp/\libhal_bsp.a(alt_close.o)
 .comment       0x0000000000000023       0x24 ../alarm_clock_jukebox_bsp/\libhal_bsp.a(alt_dcache_flush_all.o)
 .comment       0x0000000000000023       0x24 ../alarm_clock_jukebox_bsp/\libhal_bsp.a(alt_dev.o)
 .comment       0x0000000000000023       0x24 ../alarm_clock_jukebox_bsp/\libhal_bsp.a(alt_dev_llist_insert.o)
 .comment       0x0000000000000023       0x24 ../alarm_clock_jukebox_bsp/\libhal_bsp.a(alt_errno.o)
 .comment       0x0000000000000023       0x24 ../alarm_clock_jukebox_bsp/\libhal_bsp.a(alt_icache_flush_all.o)
 .comment       0x0000000000000023       0x24 ../alarm_clock_jukebox_bsp/\libhal_bsp.a(alt_instruction_exception_entry.o)
 .comment       0x0000000000000023       0x24 ../alarm_clock_jukebox_bsp/\libhal_bsp.a(alt_io_redirect.o)
 .comment       0x0000000000000023       0x24 ../alarm_clock_jukebox_bsp/\libhal_bsp.a(alt_open.o)
 .comment       0x0000000000000023       0x24 ../alarm_clock_jukebox_bsp/\libhal_bsp.a(alt_release_fd.o)
 .comment       0x0000000000000023       0x24 ../alarm_clock_jukebox_bsp/\libhal_bsp.a(altera_nios2_gen2_irq.o)
 .comment       0x0000000000000023       0x24 ../alarm_clock_jukebox_bsp/\libhal_bsp.a(alt_find_dev.o)
 .comment       0x0000000000000023       0x24 ../alarm_clock_jukebox_bsp/\libhal_bsp.a(alt_find_file.o)
 .comment       0x0000000000000023       0x24 ../alarm_clock_jukebox_bsp/\libhal_bsp.a(alt_get_fd.o)
 .comment       0x0000000000000023       0x24 ../alarm_clock_jukebox_bsp/\libhal_bsp.a(alt_icache_flush.o)
 .comment       0x0000000000000023       0x24 c:/intelfpga_lite/18.1/nios2eds/bin/gnu/h-x86_64-mingw32/bin/../lib/gcc/nios2-elf/5.3.0/../../../../../H-x86_64-mingw32/nios2-elf/lib\libsmallc.a(lib_a-exit.o)
 .comment       0x0000000000000023       0x24 c:/intelfpga_lite/18.1/nios2eds/bin/gnu/h-x86_64-mingw32/bin/../lib/gcc/nios2-elf/5.3.0/../../../../../H-x86_64-mingw32/nios2-elf/lib\libsmallc.a(lib_a-memcmp.o)
 .comment       0x0000000000000023       0x24 c:/intelfpga_lite/18.1/nios2eds/bin/gnu/h-x86_64-mingw32/bin/../lib/gcc/nios2-elf/5.3.0/../../../../../H-x86_64-mingw32/nios2-elf/lib\libsmallc.a(lib_a-__call_atexit.o)
 .comment       0x0000000000000023       0x24 ../alarm_clock_jukebox_bsp/\libhal_bsp.a(alt_exit.o)

.debug
 *(.debug)

.line
 *(.line)

.debug_srcinfo
 *(.debug_srcinfo)

.debug_sfnames
 *(.debug_sfnames)

.debug_aranges  0x0000000000000000      0x790
 *(.debug_aranges)
 .debug_aranges
                0x0000000000000000       0x28 ../alarm_clock_jukebox_bsp//obj/HAL/src/crt0.o
 .debug_aranges
                0x0000000000000028       0x20 obj/default/Src/altera_avalon_pwm_routines.o
 .debug_aranges
                0x0000000000000048       0x20 obj/default/Src/display.o
 .debug_aranges
                0x0000000000000068       0x20 obj/default/Src/interrupt.o
 .debug_aranges
                0x0000000000000088       0x20 obj/default/Src/led.o
 .debug_aranges
                0x00000000000000a8       0x20 obj/default/Src/main.o
 .debug_aranges
                0x00000000000000c8       0x20 obj/default/Src/pwm.o
 .debug_aranges
                0x00000000000000e8       0x20 obj/default/Src/rtttl.o
 .debug_aranges
                0x0000000000000108       0x20 obj/default/Src/switches.o
 .debug_aranges
                0x0000000000000128       0x20 obj/default/Src/time_keeper.o
 .debug_aranges
                0x0000000000000148       0x20 c:/intelfpga_lite/18.1/nios2eds/bin/gnu/h-x86_64-mingw32/bin/../lib/gcc/nios2-elf/5.3.0\libgcc.a(_fixunssfsi.o)
 .debug_aranges
                0x0000000000000168       0x20 c:/intelfpga_lite/18.1/nios2eds/bin/gnu/h-x86_64-mingw32/bin/../lib/gcc/nios2-elf/5.3.0\libgcc.a(lib2-divmod.o)
 .debug_aranges
                0x0000000000000188       0x20 c:/intelfpga_lite/18.1/nios2eds/bin/gnu/h-x86_64-mingw32/bin/../lib/gcc/nios2-elf/5.3.0\libgcc.a(gesf2.o)
 .debug_aranges
                0x00000000000001a8       0x20 c:/intelfpga_lite/18.1/nios2eds/bin/gnu/h-x86_64-mingw32/bin/../lib/gcc/nios2-elf/5.3.0\libgcc.a(mulsf3.o)
 .debug_aranges
                0x00000000000001c8       0x20 c:/intelfpga_lite/18.1/nios2eds/bin/gnu/h-x86_64-mingw32/bin/../lib/gcc/nios2-elf/5.3.0\libgcc.a(subsf3.o)
 .debug_aranges
                0x00000000000001e8       0x20 c:/intelfpga_lite/18.1/nios2eds/bin/gnu/h-x86_64-mingw32/bin/../lib/gcc/nios2-elf/5.3.0\libgcc.a(fixsfsi.o)
 .debug_aranges
                0x0000000000000208       0x20 c:/intelfpga_lite/18.1/nios2eds/bin/gnu/h-x86_64-mingw32/bin/../lib/gcc/nios2-elf/5.3.0\libgcc.a(floatunsisf.o)
 .debug_aranges
                0x0000000000000228       0x20 c:/intelfpga_lite/18.1/nios2eds/bin/gnu/h-x86_64-mingw32/bin/../lib/gcc/nios2-elf/5.3.0\libgcc.a(_clzsi2.o)
 .debug_aranges
                0x0000000000000248       0x18 c:/intelfpga_lite/18.1/nios2eds/bin/gnu/h-x86_64-mingw32/bin/../lib/gcc/nios2-elf/5.3.0\libgcc.a(_clz.o)
 .debug_aranges
                0x0000000000000260       0x28 c:/intelfpga_lite/18.1/nios2eds/bin/gnu/h-x86_64-mingw32/bin/../lib/gcc/nios2-elf/5.3.0/../../../../../H-x86_64-mingw32/nios2-elf/lib\libsmallc.a(lib_a-printf.o)
 .debug_aranges
                0x0000000000000288       0x28 c:/intelfpga_lite/18.1/nios2eds/bin/gnu/h-x86_64-mingw32/bin/../lib/gcc/nios2-elf/5.3.0/../../../../../H-x86_64-mingw32/nios2-elf/lib\libsmallc.a(lib_a-puts.o)
 .debug_aranges
                0x00000000000002b0       0x20 c:/intelfpga_lite/18.1/nios2eds/bin/gnu/h-x86_64-mingw32/bin/../lib/gcc/nios2-elf/5.3.0/../../../../../H-x86_64-mingw32/nios2-elf/lib\libsmallc.a(lib_a-strlen.o)
 .debug_aranges
                0x00000000000002d0       0x30 c:/intelfpga_lite/18.1/nios2eds/bin/gnu/h-x86_64-mingw32/bin/../lib/gcc/nios2-elf/5.3.0/../../../../../H-x86_64-mingw32/nios2-elf/lib\libsmallc.a(lib_a-vfprintf.o)
 .debug_aranges
                0x0000000000000300       0x20 c:/intelfpga_lite/18.1/nios2eds/bin/gnu/h-x86_64-mingw32/bin/../lib/gcc/nios2-elf/5.3.0/../../../../../H-x86_64-mingw32/nios2-elf/lib\libsmallc.a(lib_a-fvwrite_small_dev.o)
 .debug_aranges
                0x0000000000000320       0x18 c:/intelfpga_lite/18.1/nios2eds/bin/gnu/h-x86_64-mingw32/bin/../lib/gcc/nios2-elf/5.3.0/../../../../../H-x86_64-mingw32/nios2-elf/lib\libsmallc.a(lib_a-impure.o)
 .debug_aranges
                0x0000000000000338       0x20 c:/intelfpga_lite/18.1/nios2eds/bin/gnu/h-x86_64-mingw32/bin/../lib/gcc/nios2-elf/5.3.0/../../../../../H-x86_64-mingw32/nios2-elf/lib\libsmallc.a(lib_a-writer.o)
 .debug_aranges
                0x0000000000000358       0x18 c:/intelfpga_lite/18.1/nios2eds/bin/gnu/h-x86_64-mingw32/bin/../lib/gcc/nios2-elf/5.3.0/../../../../../H-x86_64-mingw32/nios2-elf/lib\libsmallc.a(lib_a-int_errno.o)
 .debug_aranges
                0x0000000000000370       0x20 ../alarm_clock_jukebox_bsp/\libhal_bsp.a(alt_iic.o)
 .debug_aranges
                0x0000000000000390       0x20 ../alarm_clock_jukebox_bsp/\libhal_bsp.a(alt_iic_isr_register.o)
 .debug_aranges
                0x00000000000003b0       0x30 ../alarm_clock_jukebox_bsp/\libhal_bsp.a(alt_irq_entry.o)
 .debug_aranges
                0x00000000000003e0       0x20 ../alarm_clock_jukebox_bsp/\libhal_bsp.a(alt_irq_handler.o)
 .debug_aranges
                0x0000000000000400       0x18 ../alarm_clock_jukebox_bsp/\libhal_bsp.a(alt_irq_vars.o)
 .debug_aranges
                0x0000000000000418       0x20 ../alarm_clock_jukebox_bsp/\libhal_bsp.a(alt_load.o)
 .debug_aranges
                0x0000000000000438       0x20 ../alarm_clock_jukebox_bsp/\libhal_bsp.a(alt_main.o)
 .debug_aranges
                0x0000000000000458       0x20 ../alarm_clock_jukebox_bsp/\libhal_bsp.a(alt_write.o)
 .debug_aranges
                0x0000000000000478       0x20 ../alarm_clock_jukebox_bsp/\libhal_bsp.a(alt_sys_init.o)
 .debug_aranges
                0x0000000000000498       0x20 ../alarm_clock_jukebox_bsp/\libhal_bsp.a(altera_avalon_jtag_uart_fd.o)
 .debug_aranges
                0x00000000000004b8       0x20 ../alarm_clock_jukebox_bsp/\libhal_bsp.a(altera_avalon_jtag_uart_read.o)
 .debug_aranges
                0x00000000000004d8       0x20 ../alarm_clock_jukebox_bsp/\libhal_bsp.a(altera_avalon_jtag_uart_write.o)
 .debug_aranges
                0x00000000000004f8       0x20 ../alarm_clock_jukebox_bsp/\libhal_bsp.a(alt_close.o)
 .debug_aranges
                0x0000000000000518       0x20 ../alarm_clock_jukebox_bsp/\libhal_bsp.a(alt_dcache_flush_all.o)
 .debug_aranges
                0x0000000000000538       0x20 ../alarm_clock_jukebox_bsp/\libhal_bsp.a(alt_dev.o)
 .debug_aranges
                0x0000000000000558       0x20 ../alarm_clock_jukebox_bsp/\libhal_bsp.a(alt_dev_llist_insert.o)
 .debug_aranges
                0x0000000000000578       0x18 ../alarm_clock_jukebox_bsp/\libhal_bsp.a(alt_errno.o)
 .debug_aranges
                0x0000000000000590       0x38 ../alarm_clock_jukebox_bsp/\libhal_bsp.a(alt_exception_entry.o)
 .debug_aranges
                0x00000000000005c8       0x20 ../alarm_clock_jukebox_bsp/\libhal_bsp.a(alt_icache_flush_all.o)
 .debug_aranges
                0x00000000000005e8       0x28 ../alarm_clock_jukebox_bsp/\libhal_bsp.a(alt_instruction_exception_entry.o)
 .debug_aranges
                0x0000000000000610       0x20 ../alarm_clock_jukebox_bsp/\libhal_bsp.a(alt_io_redirect.o)
 .debug_aranges
                0x0000000000000630       0x20 ../alarm_clock_jukebox_bsp/\libhal_bsp.a(alt_open.o)
 .debug_aranges
                0x0000000000000650       0x20 ../alarm_clock_jukebox_bsp/\libhal_bsp.a(alt_release_fd.o)
 .debug_aranges
                0x0000000000000670       0x20 ../alarm_clock_jukebox_bsp/\libhal_bsp.a(altera_nios2_gen2_irq.o)
 .debug_aranges
                0x0000000000000690       0x20 ../alarm_clock_jukebox_bsp/\libhal_bsp.a(alt_find_dev.o)
 .debug_aranges
                0x00000000000006b0       0x20 ../alarm_clock_jukebox_bsp/\libhal_bsp.a(alt_find_file.o)
 .debug_aranges
                0x00000000000006d0       0x20 ../alarm_clock_jukebox_bsp/\libhal_bsp.a(alt_get_fd.o)
 .debug_aranges
                0x00000000000006f0       0x20 ../alarm_clock_jukebox_bsp/\libhal_bsp.a(alt_icache_flush.o)
 .debug_aranges
                0x0000000000000710       0x20 c:/intelfpga_lite/18.1/nios2eds/bin/gnu/h-x86_64-mingw32/bin/../lib/gcc/nios2-elf/5.3.0/../../../../../H-x86_64-mingw32/nios2-elf/lib\libsmallc.a(lib_a-exit.o)
 .debug_aranges
                0x0000000000000730       0x20 c:/intelfpga_lite/18.1/nios2eds/bin/gnu/h-x86_64-mingw32/bin/../lib/gcc/nios2-elf/5.3.0/../../../../../H-x86_64-mingw32/nios2-elf/lib\libsmallc.a(lib_a-memcmp.o)
 .debug_aranges
                0x0000000000000750       0x20 c:/intelfpga_lite/18.1/nios2eds/bin/gnu/h-x86_64-mingw32/bin/../lib/gcc/nios2-elf/5.3.0/../../../../../H-x86_64-mingw32/nios2-elf/lib\libsmallc.a(lib_a-__call_atexit.o)
 .debug_aranges
                0x0000000000000770       0x20 ../alarm_clock_jukebox_bsp/\libhal_bsp.a(alt_exit.o)

.debug_pubnames
 *(.debug_pubnames)

.debug_info     0x0000000000000000     0x9512
 *(.debug_info .gnu.linkonce.wi.*)
 .debug_info    0x0000000000000000       0xb7 ../alarm_clock_jukebox_bsp//obj/HAL/src/crt0.o
 .debug_info    0x00000000000000b7      0x13d obj/default/Src/altera_avalon_pwm_routines.o
 .debug_info    0x00000000000001f4      0x14c obj/default/Src/display.o
 .debug_info    0x0000000000000340      0x219 obj/default/Src/interrupt.o
 .debug_info    0x0000000000000559       0xd8 obj/default/Src/led.o
 .debug_info    0x0000000000000631      0x2d2 obj/default/Src/main.o
 .debug_info    0x0000000000000903      0x271 obj/default/Src/pwm.o
 .debug_info    0x0000000000000b74      0x2a9 obj/default/Src/rtttl.o
 .debug_info    0x0000000000000e1d      0x219 obj/default/Src/switches.o
 .debug_info    0x0000000000001036      0x282 obj/default/Src/time_keeper.o
 .debug_info    0x00000000000012b8       0xc7 c:/intelfpga_lite/18.1/nios2eds/bin/gnu/h-x86_64-mingw32/bin/../lib/gcc/nios2-elf/5.3.0\libgcc.a(_fixunssfsi.o)
 .debug_info    0x000000000000137f      0x2c6 c:/intelfpga_lite/18.1/nios2eds/bin/gnu/h-x86_64-mingw32/bin/../lib/gcc/nios2-elf/5.3.0\libgcc.a(lib2-divmod.o)
 .debug_info    0x0000000000001645      0x1d3 c:/intelfpga_lite/18.1/nios2eds/bin/gnu/h-x86_64-mingw32/bin/../lib/gcc/nios2-elf/5.3.0\libgcc.a(gesf2.o)
 .debug_info    0x0000000000001818      0x31d c:/intelfpga_lite/18.1/nios2eds/bin/gnu/h-x86_64-mingw32/bin/../lib/gcc/nios2-elf/5.3.0\libgcc.a(mulsf3.o)
 .debug_info    0x0000000000001b35      0x2b7 c:/intelfpga_lite/18.1/nios2eds/bin/gnu/h-x86_64-mingw32/bin/../lib/gcc/nios2-elf/5.3.0\libgcc.a(subsf3.o)
 .debug_info    0x0000000000001dec      0x18b c:/intelfpga_lite/18.1/nios2eds/bin/gnu/h-x86_64-mingw32/bin/../lib/gcc/nios2-elf/5.3.0\libgcc.a(fixsfsi.o)
 .debug_info    0x0000000000001f77      0x1bb c:/intelfpga_lite/18.1/nios2eds/bin/gnu/h-x86_64-mingw32/bin/../lib/gcc/nios2-elf/5.3.0\libgcc.a(floatunsisf.o)
 .debug_info    0x0000000000002132      0x124 c:/intelfpga_lite/18.1/nios2eds/bin/gnu/h-x86_64-mingw32/bin/../lib/gcc/nios2-elf/5.3.0\libgcc.a(_clzsi2.o)
 .debug_info    0x0000000000002256       0xb2 c:/intelfpga_lite/18.1/nios2eds/bin/gnu/h-x86_64-mingw32/bin/../lib/gcc/nios2-elf/5.3.0\libgcc.a(_clz.o)
 .debug_info    0x0000000000002308      0x699 c:/intelfpga_lite/18.1/nios2eds/bin/gnu/h-x86_64-mingw32/bin/../lib/gcc/nios2-elf/5.3.0/../../../../../H-x86_64-mingw32/nios2-elf/lib\libsmallc.a(lib_a-printf.o)
 .debug_info    0x00000000000029a1      0x66d c:/intelfpga_lite/18.1/nios2eds/bin/gnu/h-x86_64-mingw32/bin/../lib/gcc/nios2-elf/5.3.0/../../../../../H-x86_64-mingw32/nios2-elf/lib\libsmallc.a(lib_a-puts.o)
 .debug_info    0x000000000000300e       0xc9 c:/intelfpga_lite/18.1/nios2eds/bin/gnu/h-x86_64-mingw32/bin/../lib/gcc/nios2-elf/5.3.0/../../../../../H-x86_64-mingw32/nios2-elf/lib\libsmallc.a(lib_a-strlen.o)
 .debug_info    0x00000000000030d7      0xb2b c:/intelfpga_lite/18.1/nios2eds/bin/gnu/h-x86_64-mingw32/bin/../lib/gcc/nios2-elf/5.3.0/../../../../../H-x86_64-mingw32/nios2-elf/lib\libsmallc.a(lib_a-vfprintf.o)
 .debug_info    0x0000000000003c02      0x62b c:/intelfpga_lite/18.1/nios2eds/bin/gnu/h-x86_64-mingw32/bin/../lib/gcc/nios2-elf/5.3.0/../../../../../H-x86_64-mingw32/nios2-elf/lib\libsmallc.a(lib_a-fvwrite_small_dev.o)
 .debug_info    0x000000000000422d      0x5a9 c:/intelfpga_lite/18.1/nios2eds/bin/gnu/h-x86_64-mingw32/bin/../lib/gcc/nios2-elf/5.3.0/../../../../../H-x86_64-mingw32/nios2-elf/lib\libsmallc.a(lib_a-impure.o)
 .debug_info    0x00000000000047d6      0x630 c:/intelfpga_lite/18.1/nios2eds/bin/gnu/h-x86_64-mingw32/bin/../lib/gcc/nios2-elf/5.3.0/../../../../../H-x86_64-mingw32/nios2-elf/lib\libsmallc.a(lib_a-writer.o)
 .debug_info    0x0000000000004e06       0x8a c:/intelfpga_lite/18.1/nios2eds/bin/gnu/h-x86_64-mingw32/bin/../lib/gcc/nios2-elf/5.3.0/../../../../../H-x86_64-mingw32/nios2-elf/lib\libsmallc.a(lib_a-int_errno.o)
 .debug_info    0x0000000000004e90      0x350 ../alarm_clock_jukebox_bsp/\libhal_bsp.a(alt_iic.o)
 .debug_info    0x00000000000051e0      0x1ef ../alarm_clock_jukebox_bsp/\libhal_bsp.a(alt_iic_isr_register.o)
 .debug_info    0x00000000000053cf       0xc0 ../alarm_clock_jukebox_bsp/\libhal_bsp.a(alt_irq_entry.o)
 .debug_info    0x000000000000548f      0x187 ../alarm_clock_jukebox_bsp/\libhal_bsp.a(alt_irq_handler.o)
 .debug_info    0x0000000000005616       0x88 ../alarm_clock_jukebox_bsp/\libhal_bsp.a(alt_irq_vars.o)
 .debug_info    0x000000000000569e      0x145 ../alarm_clock_jukebox_bsp/\libhal_bsp.a(alt_load.o)
 .debug_info    0x00000000000057e3      0x131 ../alarm_clock_jukebox_bsp/\libhal_bsp.a(alt_main.o)
 .debug_info    0x0000000000005914      0x4b7 ../alarm_clock_jukebox_bsp/\libhal_bsp.a(alt_write.o)
 .debug_info    0x0000000000005dcb      0x3df ../alarm_clock_jukebox_bsp/\libhal_bsp.a(alt_sys_init.o)
 .debug_info    0x00000000000061aa      0x3a7 ../alarm_clock_jukebox_bsp/\libhal_bsp.a(altera_avalon_jtag_uart_fd.o)
 .debug_info    0x0000000000006551      0x1b2 ../alarm_clock_jukebox_bsp/\libhal_bsp.a(altera_avalon_jtag_uart_read.o)
 .debug_info    0x0000000000006703      0x195 ../alarm_clock_jukebox_bsp/\libhal_bsp.a(altera_avalon_jtag_uart_write.o)
 .debug_info    0x0000000000006898      0x321 ../alarm_clock_jukebox_bsp/\libhal_bsp.a(alt_close.o)
 .debug_info    0x0000000000006bb9       0x92 ../alarm_clock_jukebox_bsp/\libhal_bsp.a(alt_dcache_flush_all.o)
 .debug_info    0x0000000000006c4b      0x49c ../alarm_clock_jukebox_bsp/\libhal_bsp.a(alt_dev.o)
 .debug_info    0x00000000000070e7      0x1a9 ../alarm_clock_jukebox_bsp/\libhal_bsp.a(alt_dev_llist_insert.o)
 .debug_info    0x0000000000007290       0xa6 ../alarm_clock_jukebox_bsp/\libhal_bsp.a(alt_errno.o)
 .debug_info    0x0000000000007336       0xc6 ../alarm_clock_jukebox_bsp/\libhal_bsp.a(alt_exception_entry.o)
 .debug_info    0x00000000000073fc       0x92 ../alarm_clock_jukebox_bsp/\libhal_bsp.a(alt_icache_flush_all.o)
 .debug_info    0x000000000000748e      0x1e7 ../alarm_clock_jukebox_bsp/\libhal_bsp.a(alt_instruction_exception_entry.o)
 .debug_info    0x0000000000007675      0x4a5 ../alarm_clock_jukebox_bsp/\libhal_bsp.a(alt_io_redirect.o)
 .debug_info    0x0000000000007b1a      0x3bb ../alarm_clock_jukebox_bsp/\libhal_bsp.a(alt_open.o)
 .debug_info    0x0000000000007ed5      0x2b0 ../alarm_clock_jukebox_bsp/\libhal_bsp.a(alt_release_fd.o)
 .debug_info    0x0000000000008185       0x92 ../alarm_clock_jukebox_bsp/\libhal_bsp.a(altera_nios2_gen2_irq.o)
 .debug_info    0x0000000000008217      0x2e9 ../alarm_clock_jukebox_bsp/\libhal_bsp.a(alt_find_dev.o)
 .debug_info    0x0000000000008500      0x2e6 ../alarm_clock_jukebox_bsp/\libhal_bsp.a(alt_find_file.o)
 .debug_info    0x00000000000087e6      0x310 ../alarm_clock_jukebox_bsp/\libhal_bsp.a(alt_get_fd.o)
 .debug_info    0x0000000000008af6       0xdc ../alarm_clock_jukebox_bsp/\libhal_bsp.a(alt_icache_flush.o)
 .debug_info    0x0000000000008bd2       0xe5 c:/intelfpga_lite/18.1/nios2eds/bin/gnu/h-x86_64-mingw32/bin/../lib/gcc/nios2-elf/5.3.0/../../../../../H-x86_64-mingw32/nios2-elf/lib\libsmallc.a(lib_a-exit.o)
 .debug_info    0x0000000000008cb7       0xf4 c:/intelfpga_lite/18.1/nios2eds/bin/gnu/h-x86_64-mingw32/bin/../lib/gcc/nios2-elf/5.3.0/../../../../../H-x86_64-mingw32/nios2-elf/lib\libsmallc.a(lib_a-memcmp.o)
 .debug_info    0x0000000000008dab      0x67b c:/intelfpga_lite/18.1/nios2eds/bin/gnu/h-x86_64-mingw32/bin/../lib/gcc/nios2-elf/5.3.0/../../../../../H-x86_64-mingw32/nios2-elf/lib\libsmallc.a(lib_a-__call_atexit.o)
 .debug_info    0x0000000000009426       0xec ../alarm_clock_jukebox_bsp/\libhal_bsp.a(alt_exit.o)

.debug_abbrev   0x0000000000000000     0x361a
 *(.debug_abbrev)
 .debug_abbrev  0x0000000000000000       0x12 ../alarm_clock_jukebox_bsp//obj/HAL/src/crt0.o
 .debug_abbrev  0x0000000000000012       0x7c obj/default/Src/altera_avalon_pwm_routines.o
 .debug_abbrev  0x000000000000008e       0xde obj/default/Src/display.o
 .debug_abbrev  0x000000000000016c       0xc3 obj/default/Src/interrupt.o
 .debug_abbrev  0x000000000000022f       0x7f obj/default/Src/led.o
 .debug_abbrev  0x00000000000002ae      0x10f obj/default/Src/main.o
 .debug_abbrev  0x00000000000003bd       0xbc obj/default/Src/pwm.o
 .debug_abbrev  0x0000000000000479      0x126 obj/default/Src/rtttl.o
 .debug_abbrev  0x000000000000059f      0x103 obj/default/Src/switches.o
 .debug_abbrev  0x00000000000006a2       0xe3 obj/default/Src/time_keeper.o
 .debug_abbrev  0x0000000000000785       0x60 c:/intelfpga_lite/18.1/nios2eds/bin/gnu/h-x86_64-mingw32/bin/../lib/gcc/nios2-elf/5.3.0\libgcc.a(_fixunssfsi.o)
 .debug_abbrev  0x00000000000007e5      0x10e c:/intelfpga_lite/18.1/nios2eds/bin/gnu/h-x86_64-mingw32/bin/../lib/gcc/nios2-elf/5.3.0\libgcc.a(lib2-divmod.o)
 .debug_abbrev  0x00000000000008f3      0x128 c:/intelfpga_lite/18.1/nios2eds/bin/gnu/h-x86_64-mingw32/bin/../lib/gcc/nios2-elf/5.3.0\libgcc.a(gesf2.o)
 .debug_abbrev  0x0000000000000a1b      0x12d c:/intelfpga_lite/18.1/nios2eds/bin/gnu/h-x86_64-mingw32/bin/../lib/gcc/nios2-elf/5.3.0\libgcc.a(mulsf3.o)
 .debug_abbrev  0x0000000000000b48      0x13a c:/intelfpga_lite/18.1/nios2eds/bin/gnu/h-x86_64-mingw32/bin/../lib/gcc/nios2-elf/5.3.0\libgcc.a(subsf3.o)
 .debug_abbrev  0x0000000000000c82      0x135 c:/intelfpga_lite/18.1/nios2eds/bin/gnu/h-x86_64-mingw32/bin/../lib/gcc/nios2-elf/5.3.0\libgcc.a(fixsfsi.o)
 .debug_abbrev  0x0000000000000db7      0x147 c:/intelfpga_lite/18.1/nios2eds/bin/gnu/h-x86_64-mingw32/bin/../lib/gcc/nios2-elf/5.3.0\libgcc.a(floatunsisf.o)
 .debug_abbrev  0x0000000000000efe       0xbe c:/intelfpga_lite/18.1/nios2eds/bin/gnu/h-x86_64-mingw32/bin/../lib/gcc/nios2-elf/5.3.0\libgcc.a(_clzsi2.o)
 .debug_abbrev  0x0000000000000fbc       0x5d c:/intelfpga_lite/18.1/nios2eds/bin/gnu/h-x86_64-mingw32/bin/../lib/gcc/nios2-elf/5.3.0\libgcc.a(_clz.o)
 .debug_abbrev  0x0000000000001019      0x1ee c:/intelfpga_lite/18.1/nios2eds/bin/gnu/h-x86_64-mingw32/bin/../lib/gcc/nios2-elf/5.3.0/../../../../../H-x86_64-mingw32/nios2-elf/lib\libsmallc.a(lib_a-printf.o)
 .debug_abbrev  0x0000000000001207      0x1d6 c:/intelfpga_lite/18.1/nios2eds/bin/gnu/h-x86_64-mingw32/bin/../lib/gcc/nios2-elf/5.3.0/../../../../../H-x86_64-mingw32/nios2-elf/lib\libsmallc.a(lib_a-puts.o)
 .debug_abbrev  0x00000000000013dd       0x7f c:/intelfpga_lite/18.1/nios2eds/bin/gnu/h-x86_64-mingw32/bin/../lib/gcc/nios2-elf/5.3.0/../../../../../H-x86_64-mingw32/nios2-elf/lib\libsmallc.a(lib_a-strlen.o)
 .debug_abbrev  0x000000000000145c      0x2a1 c:/intelfpga_lite/18.1/nios2eds/bin/gnu/h-x86_64-mingw32/bin/../lib/gcc/nios2-elf/5.3.0/../../../../../H-x86_64-mingw32/nios2-elf/lib\libsmallc.a(lib_a-vfprintf.o)
 .debug_abbrev  0x00000000000016fd      0x1bc c:/intelfpga_lite/18.1/nios2eds/bin/gnu/h-x86_64-mingw32/bin/../lib/gcc/nios2-elf/5.3.0/../../../../../H-x86_64-mingw32/nios2-elf/lib\libsmallc.a(lib_a-fvwrite_small_dev.o)
 .debug_abbrev  0x00000000000018b9      0x14a c:/intelfpga_lite/18.1/nios2eds/bin/gnu/h-x86_64-mingw32/bin/../lib/gcc/nios2-elf/5.3.0/../../../../../H-x86_64-mingw32/nios2-elf/lib\libsmallc.a(lib_a-impure.o)
 .debug_abbrev  0x0000000000001a03      0x1a6 c:/intelfpga_lite/18.1/nios2eds/bin/gnu/h-x86_64-mingw32/bin/../lib/gcc/nios2-elf/5.3.0/../../../../../H-x86_64-mingw32/nios2-elf/lib\libsmallc.a(lib_a-writer.o)
 .debug_abbrev  0x0000000000001ba9       0x37 c:/intelfpga_lite/18.1/nios2eds/bin/gnu/h-x86_64-mingw32/bin/../lib/gcc/nios2-elf/5.3.0/../../../../../H-x86_64-mingw32/nios2-elf/lib\libsmallc.a(lib_a-int_errno.o)
 .debug_abbrev  0x0000000000001be0      0x163 ../alarm_clock_jukebox_bsp/\libhal_bsp.a(alt_iic.o)
 .debug_abbrev  0x0000000000001d43      0x169 ../alarm_clock_jukebox_bsp/\libhal_bsp.a(alt_iic_isr_register.o)
 .debug_abbrev  0x0000000000001eac       0x12 ../alarm_clock_jukebox_bsp/\libhal_bsp.a(alt_irq_entry.o)
 .debug_abbrev  0x0000000000001ebe      0x122 ../alarm_clock_jukebox_bsp/\libhal_bsp.a(alt_irq_handler.o)
 .debug_abbrev  0x0000000000001fe0       0x40 ../alarm_clock_jukebox_bsp/\libhal_bsp.a(alt_irq_vars.o)
 .debug_abbrev  0x0000000000002020       0x9f ../alarm_clock_jukebox_bsp/\libhal_bsp.a(alt_load.o)
 .debug_abbrev  0x00000000000020bf       0xba ../alarm_clock_jukebox_bsp/\libhal_bsp.a(alt_main.o)
 .debug_abbrev  0x0000000000002179      0x133 ../alarm_clock_jukebox_bsp/\libhal_bsp.a(alt_write.o)
 .debug_abbrev  0x00000000000022ac      0x157 ../alarm_clock_jukebox_bsp/\libhal_bsp.a(alt_sys_init.o)
 .debug_abbrev  0x0000000000002403       0xf7 ../alarm_clock_jukebox_bsp/\libhal_bsp.a(altera_avalon_jtag_uart_fd.o)
 .debug_abbrev  0x00000000000024fa       0xd5 ../alarm_clock_jukebox_bsp/\libhal_bsp.a(altera_avalon_jtag_uart_read.o)
 .debug_abbrev  0x00000000000025cf       0xd5 ../alarm_clock_jukebox_bsp/\libhal_bsp.a(altera_avalon_jtag_uart_write.o)
 .debug_abbrev  0x00000000000026a4      0x11f ../alarm_clock_jukebox_bsp/\libhal_bsp.a(alt_close.o)
 .debug_abbrev  0x00000000000027c3       0x42 ../alarm_clock_jukebox_bsp/\libhal_bsp.a(alt_dcache_flush_all.o)
 .debug_abbrev  0x0000000000002805       0xd9 ../alarm_clock_jukebox_bsp/\libhal_bsp.a(alt_dev.o)
 .debug_abbrev  0x00000000000028de      0x114 ../alarm_clock_jukebox_bsp/\libhal_bsp.a(alt_dev_llist_insert.o)
 .debug_abbrev  0x00000000000029f2       0x5a ../alarm_clock_jukebox_bsp/\libhal_bsp.a(alt_errno.o)
 .debug_abbrev  0x0000000000002a4c       0x12 ../alarm_clock_jukebox_bsp/\libhal_bsp.a(alt_exception_entry.o)
 .debug_abbrev  0x0000000000002a5e       0x42 ../alarm_clock_jukebox_bsp/\libhal_bsp.a(alt_icache_flush_all.o)
 .debug_abbrev  0x0000000000002aa0       0xdc ../alarm_clock_jukebox_bsp/\libhal_bsp.a(alt_instruction_exception_entry.o)
 .debug_abbrev  0x0000000000002b7c      0x114 ../alarm_clock_jukebox_bsp/\libhal_bsp.a(alt_io_redirect.o)
 .debug_abbrev  0x0000000000002c90      0x148 ../alarm_clock_jukebox_bsp/\libhal_bsp.a(alt_open.o)
 .debug_abbrev  0x0000000000002dd8       0xde ../alarm_clock_jukebox_bsp/\libhal_bsp.a(alt_release_fd.o)
 .debug_abbrev  0x0000000000002eb6       0x42 ../alarm_clock_jukebox_bsp/\libhal_bsp.a(altera_nios2_gen2_irq.o)
 .debug_abbrev  0x0000000000002ef8       0xf0 ../alarm_clock_jukebox_bsp/\libhal_bsp.a(alt_find_dev.o)
 .debug_abbrev  0x0000000000002fe8       0xf0 ../alarm_clock_jukebox_bsp/\libhal_bsp.a(alt_find_file.o)
 .debug_abbrev  0x00000000000030d8      0x10d ../alarm_clock_jukebox_bsp/\libhal_bsp.a(alt_get_fd.o)
 .debug_abbrev  0x00000000000031e5       0x8c ../alarm_clock_jukebox_bsp/\libhal_bsp.a(alt_icache_flush.o)
 .debug_abbrev  0x0000000000003271       0x8b c:/intelfpga_lite/18.1/nios2eds/bin/gnu/h-x86_64-mingw32/bin/../lib/gcc/nios2-elf/5.3.0/../../../../../H-x86_64-mingw32/nios2-elf/lib\libsmallc.a(lib_a-exit.o)
 .debug_abbrev  0x00000000000032fc       0x7f c:/intelfpga_lite/18.1/nios2eds/bin/gnu/h-x86_64-mingw32/bin/../lib/gcc/nios2-elf/5.3.0/../../../../../H-x86_64-mingw32/nios2-elf/lib\libsmallc.a(lib_a-memcmp.o)
 .debug_abbrev  0x000000000000337b      0x1f6 c:/intelfpga_lite/18.1/nios2eds/bin/gnu/h-x86_64-mingw32/bin/../lib/gcc/nios2-elf/5.3.0/../../../../../H-x86_64-mingw32/nios2-elf/lib\libsmallc.a(lib_a-__call_atexit.o)
 .debug_abbrev  0x0000000000003571       0xa9 ../alarm_clock_jukebox_bsp/\libhal_bsp.a(alt_exit.o)

.debug_line     0x0000000000000000     0x406a
 *(.debug_line)
 .debug_line    0x0000000000000000       0x6c ../alarm_clock_jukebox_bsp//obj/HAL/src/crt0.o
 .debug_line    0x000000000000006c       0xa3 obj/default/Src/altera_avalon_pwm_routines.o
 .debug_line    0x000000000000010f      0x179 obj/default/Src/display.o
 .debug_line    0x0000000000000288      0x162 obj/default/Src/interrupt.o
 .debug_line    0x00000000000003ea      0x134 obj/default/Src/led.o
 .debug_line    0x000000000000051e      0x235 obj/default/Src/main.o
 .debug_line    0x0000000000000753      0x19f obj/default/Src/pwm.o
 .debug_line    0x00000000000008f2      0x257 obj/default/Src/rtttl.o
 .debug_line    0x0000000000000b49      0x180 obj/default/Src/switches.o
 .debug_line    0x0000000000000cc9      0x18a obj/default/Src/time_keeper.o
 .debug_line    0x0000000000000e53       0x6b c:/intelfpga_lite/18.1/nios2eds/bin/gnu/h-x86_64-mingw32/bin/../lib/gcc/nios2-elf/5.3.0\libgcc.a(_fixunssfsi.o)
 .debug_line    0x0000000000000ebe      0x102 c:/intelfpga_lite/18.1/nios2eds/bin/gnu/h-x86_64-mingw32/bin/../lib/gcc/nios2-elf/5.3.0\libgcc.a(lib2-divmod.o)
 .debug_line    0x0000000000000fc0       0xbc c:/intelfpga_lite/18.1/nios2eds/bin/gnu/h-x86_64-mingw32/bin/../lib/gcc/nios2-elf/5.3.0\libgcc.a(gesf2.o)
 .debug_line    0x000000000000107c      0x159 c:/intelfpga_lite/18.1/nios2eds/bin/gnu/h-x86_64-mingw32/bin/../lib/gcc/nios2-elf/5.3.0\libgcc.a(mulsf3.o)
 .debug_line    0x00000000000011d5      0x295 c:/intelfpga_lite/18.1/nios2eds/bin/gnu/h-x86_64-mingw32/bin/../lib/gcc/nios2-elf/5.3.0\libgcc.a(subsf3.o)
 .debug_line    0x000000000000146a       0x97 c:/intelfpga_lite/18.1/nios2eds/bin/gnu/h-x86_64-mingw32/bin/../lib/gcc/nios2-elf/5.3.0\libgcc.a(fixsfsi.o)
 .debug_line    0x0000000000001501       0xa6 c:/intelfpga_lite/18.1/nios2eds/bin/gnu/h-x86_64-mingw32/bin/../lib/gcc/nios2-elf/5.3.0\libgcc.a(floatunsisf.o)
 .debug_line    0x00000000000015a7       0xb7 c:/intelfpga_lite/18.1/nios2eds/bin/gnu/h-x86_64-mingw32/bin/../lib/gcc/nios2-elf/5.3.0\libgcc.a(_clzsi2.o)
 .debug_line    0x000000000000165e       0x53 c:/intelfpga_lite/18.1/nios2eds/bin/gnu/h-x86_64-mingw32/bin/../lib/gcc/nios2-elf/5.3.0\libgcc.a(_clz.o)
 .debug_line    0x00000000000016b1      0x200 c:/intelfpga_lite/18.1/nios2eds/bin/gnu/h-x86_64-mingw32/bin/../lib/gcc/nios2-elf/5.3.0/../../../../../H-x86_64-mingw32/nios2-elf/lib\libsmallc.a(lib_a-printf.o)
 .debug_line    0x00000000000018b1      0x203 c:/intelfpga_lite/18.1/nios2eds/bin/gnu/h-x86_64-mingw32/bin/../lib/gcc/nios2-elf/5.3.0/../../../../../H-x86_64-mingw32/nios2-elf/lib\libsmallc.a(lib_a-puts.o)
 .debug_line    0x0000000000001ab4      0x159 c:/intelfpga_lite/18.1/nios2eds/bin/gnu/h-x86_64-mingw32/bin/../lib/gcc/nios2-elf/5.3.0/../../../../../H-x86_64-mingw32/nios2-elf/lib\libsmallc.a(lib_a-strlen.o)
 .debug_line    0x0000000000001c0d      0x34f c:/intelfpga_lite/18.1/nios2eds/bin/gnu/h-x86_64-mingw32/bin/../lib/gcc/nios2-elf/5.3.0/../../../../../H-x86_64-mingw32/nios2-elf/lib\libsmallc.a(lib_a-vfprintf.o)
 .debug_line    0x0000000000001f5c      0x1ed c:/intelfpga_lite/18.1/nios2eds/bin/gnu/h-x86_64-mingw32/bin/../lib/gcc/nios2-elf/5.3.0/../../../../../H-x86_64-mingw32/nios2-elf/lib\libsmallc.a(lib_a-fvwrite_small_dev.o)
 .debug_line    0x0000000000002149      0x153 c:/intelfpga_lite/18.1/nios2eds/bin/gnu/h-x86_64-mingw32/bin/../lib/gcc/nios2-elf/5.3.0/../../../../../H-x86_64-mingw32/nios2-elf/lib\libsmallc.a(lib_a-impure.o)
 .debug_line    0x000000000000229c      0x1ea c:/intelfpga_lite/18.1/nios2eds/bin/gnu/h-x86_64-mingw32/bin/../lib/gcc/nios2-elf/5.3.0/../../../../../H-x86_64-mingw32/nios2-elf/lib\libsmallc.a(lib_a-writer.o)
 .debug_line    0x0000000000002486       0x5c c:/intelfpga_lite/18.1/nios2eds/bin/gnu/h-x86_64-mingw32/bin/../lib/gcc/nios2-elf/5.3.0/../../../../../H-x86_64-mingw32/nios2-elf/lib\libsmallc.a(lib_a-int_errno.o)
 .debug_line    0x00000000000024e2       0xeb ../alarm_clock_jukebox_bsp/\libhal_bsp.a(alt_iic.o)
 .debug_line    0x00000000000025cd       0xdb ../alarm_clock_jukebox_bsp/\libhal_bsp.a(alt_iic_isr_register.o)
 .debug_line    0x00000000000026a8       0x6b ../alarm_clock_jukebox_bsp/\libhal_bsp.a(alt_irq_entry.o)
 .debug_line    0x0000000000002713       0xaa ../alarm_clock_jukebox_bsp/\libhal_bsp.a(alt_irq_handler.o)
 .debug_line    0x00000000000027bd       0x50 ../alarm_clock_jukebox_bsp/\libhal_bsp.a(alt_irq_vars.o)
 .debug_line    0x000000000000280d       0x8e ../alarm_clock_jukebox_bsp/\libhal_bsp.a(alt_load.o)
 .debug_line    0x000000000000289b       0x9e ../alarm_clock_jukebox_bsp/\libhal_bsp.a(alt_main.o)
 .debug_line    0x0000000000002939      0x1db ../alarm_clock_jukebox_bsp/\libhal_bsp.a(alt_write.o)
 .debug_line    0x0000000000002b14      0x140 ../alarm_clock_jukebox_bsp/\libhal_bsp.a(alt_sys_init.o)
 .debug_line    0x0000000000002c54      0x112 ../alarm_clock_jukebox_bsp/\libhal_bsp.a(altera_avalon_jtag_uart_fd.o)
 .debug_line    0x0000000000002d66       0xfd ../alarm_clock_jukebox_bsp/\libhal_bsp.a(altera_avalon_jtag_uart_read.o)
 .debug_line    0x0000000000002e63       0xf4 ../alarm_clock_jukebox_bsp/\libhal_bsp.a(altera_avalon_jtag_uart_write.o)
 .debug_line    0x0000000000002f57      0x165 ../alarm_clock_jukebox_bsp/\libhal_bsp.a(alt_close.o)
 .debug_line    0x00000000000030bc       0x51 ../alarm_clock_jukebox_bsp/\libhal_bsp.a(alt_dcache_flush_all.o)
 .debug_line    0x000000000000310d       0xf8 ../alarm_clock_jukebox_bsp/\libhal_bsp.a(alt_dev.o)
 .debug_line    0x0000000000003205       0xcf ../alarm_clock_jukebox_bsp/\libhal_bsp.a(alt_dev_llist_insert.o)
 .debug_line    0x00000000000032d4       0x51 ../alarm_clock_jukebox_bsp/\libhal_bsp.a(alt_errno.o)
 .debug_line    0x0000000000003325       0xb3 ../alarm_clock_jukebox_bsp/\libhal_bsp.a(alt_exception_entry.o)
 .debug_line    0x00000000000033d8       0x50 ../alarm_clock_jukebox_bsp/\libhal_bsp.a(alt_icache_flush_all.o)
 .debug_line    0x0000000000003428       0xba ../alarm_clock_jukebox_bsp/\libhal_bsp.a(alt_instruction_exception_entry.o)
 .debug_line    0x00000000000034e2      0x133 ../alarm_clock_jukebox_bsp/\libhal_bsp.a(alt_io_redirect.o)
 .debug_line    0x0000000000003615      0x128 ../alarm_clock_jukebox_bsp/\libhal_bsp.a(alt_open.o)
 .debug_line    0x000000000000373d       0xae ../alarm_clock_jukebox_bsp/\libhal_bsp.a(alt_release_fd.o)
 .debug_line    0x00000000000037eb       0x51 ../alarm_clock_jukebox_bsp/\libhal_bsp.a(altera_nios2_gen2_irq.o)
 .debug_line    0x000000000000383c       0xb5 ../alarm_clock_jukebox_bsp/\libhal_bsp.a(alt_find_dev.o)
 .debug_line    0x00000000000038f1       0xd1 ../alarm_clock_jukebox_bsp/\libhal_bsp.a(alt_find_file.o)
 .debug_line    0x00000000000039c2       0xd4 ../alarm_clock_jukebox_bsp/\libhal_bsp.a(alt_get_fd.o)
 .debug_line    0x0000000000003a96       0x81 ../alarm_clock_jukebox_bsp/\libhal_bsp.a(alt_icache_flush.o)
 .debug_line    0x0000000000003b17      0x156 c:/intelfpga_lite/18.1/nios2eds/bin/gnu/h-x86_64-mingw32/bin/../lib/gcc/nios2-elf/5.3.0/../../../../../H-x86_64-mingw32/nios2-elf/lib\libsmallc.a(lib_a-exit.o)
 .debug_line    0x0000000000003c6d      0x15d c:/intelfpga_lite/18.1/nios2eds/bin/gnu/h-x86_64-mingw32/bin/../lib/gcc/nios2-elf/5.3.0/../../../../../H-x86_64-mingw32/nios2-elf/lib\libsmallc.a(lib_a-memcmp.o)
 .debug_line    0x0000000000003dca      0x22f c:/intelfpga_lite/18.1/nios2eds/bin/gnu/h-x86_64-mingw32/bin/../lib/gcc/nios2-elf/5.3.0/../../../../../H-x86_64-mingw32/nios2-elf/lib\libsmallc.a(lib_a-__call_atexit.o)
 .debug_line    0x0000000000003ff9       0x71 ../alarm_clock_jukebox_bsp/\libhal_bsp.a(alt_exit.o)

.debug_frame    0x0000000000000000     0x1410
 *(.debug_frame)
 .debug_frame   0x0000000000000000       0xa0 obj/default/Src/altera_avalon_pwm_routines.o
 .debug_frame   0x00000000000000a0       0x5c obj/default/Src/display.o
 .debug_frame   0x00000000000000fc      0x164 obj/default/Src/interrupt.o
 .debug_frame   0x0000000000000260       0x7c obj/default/Src/led.o
 .debug_frame   0x00000000000002dc       0xcc obj/default/Src/main.o
 .debug_frame   0x00000000000003a8      0x154 obj/default/Src/pwm.o
 .debug_frame   0x00000000000004fc       0xf8 obj/default/Src/rtttl.o
 .debug_frame   0x00000000000005f4       0x90 obj/default/Src/switches.o
 .debug_frame   0x0000000000000684      0x218 obj/default/Src/time_keeper.o
 .debug_frame   0x000000000000089c       0x38 c:/intelfpga_lite/18.1/nios2eds/bin/gnu/h-x86_64-mingw32/bin/../lib/gcc/nios2-elf/5.3.0\libgcc.a(_fixunssfsi.o)
 .debug_frame   0x00000000000008d4       0x50 c:/intelfpga_lite/18.1/nios2eds/bin/gnu/h-x86_64-mingw32/bin/../lib/gcc/nios2-elf/5.3.0\libgcc.a(lib2-divmod.o)
 .debug_frame   0x0000000000000924       0x20 c:/intelfpga_lite/18.1/nios2eds/bin/gnu/h-x86_64-mingw32/bin/../lib/gcc/nios2-elf/5.3.0\libgcc.a(gesf2.o)
 .debug_frame   0x0000000000000944       0x58 c:/intelfpga_lite/18.1/nios2eds/bin/gnu/h-x86_64-mingw32/bin/../lib/gcc/nios2-elf/5.3.0\libgcc.a(mulsf3.o)
 .debug_frame   0x000000000000099c       0x40 c:/intelfpga_lite/18.1/nios2eds/bin/gnu/h-x86_64-mingw32/bin/../lib/gcc/nios2-elf/5.3.0\libgcc.a(subsf3.o)
 .debug_frame   0x00000000000009dc       0x20 c:/intelfpga_lite/18.1/nios2eds/bin/gnu/h-x86_64-mingw32/bin/../lib/gcc/nios2-elf/5.3.0\libgcc.a(fixsfsi.o)
 .debug_frame   0x00000000000009fc       0x34 c:/intelfpga_lite/18.1/nios2eds/bin/gnu/h-x86_64-mingw32/bin/../lib/gcc/nios2-elf/5.3.0\libgcc.a(floatunsisf.o)
 .debug_frame   0x0000000000000a30       0x20 c:/intelfpga_lite/18.1/nios2eds/bin/gnu/h-x86_64-mingw32/bin/../lib/gcc/nios2-elf/5.3.0\libgcc.a(_clzsi2.o)
 .debug_frame   0x0000000000000a50       0x48 c:/intelfpga_lite/18.1/nios2eds/bin/gnu/h-x86_64-mingw32/bin/../lib/gcc/nios2-elf/5.3.0/../../../../../H-x86_64-mingw32/nios2-elf/lib\libsmallc.a(lib_a-printf.o)
 .debug_frame   0x0000000000000a98       0x48 c:/intelfpga_lite/18.1/nios2eds/bin/gnu/h-x86_64-mingw32/bin/../lib/gcc/nios2-elf/5.3.0/../../../../../H-x86_64-mingw32/nios2-elf/lib\libsmallc.a(lib_a-puts.o)
 .debug_frame   0x0000000000000ae0       0x20 c:/intelfpga_lite/18.1/nios2eds/bin/gnu/h-x86_64-mingw32/bin/../lib/gcc/nios2-elf/5.3.0/../../../../../H-x86_64-mingw32/nios2-elf/lib\libsmallc.a(lib_a-strlen.o)
 .debug_frame   0x0000000000000b00       0x8c c:/intelfpga_lite/18.1/nios2eds/bin/gnu/h-x86_64-mingw32/bin/../lib/gcc/nios2-elf/5.3.0/../../../../../H-x86_64-mingw32/nios2-elf/lib\libsmallc.a(lib_a-vfprintf.o)
 .debug_frame   0x0000000000000b8c       0x58 c:/intelfpga_lite/18.1/nios2eds/bin/gnu/h-x86_64-mingw32/bin/../lib/gcc/nios2-elf/5.3.0/../../../../../H-x86_64-mingw32/nios2-elf/lib\libsmallc.a(lib_a-fvwrite_small_dev.o)
 .debug_frame   0x0000000000000be4       0x38 c:/intelfpga_lite/18.1/nios2eds/bin/gnu/h-x86_64-mingw32/bin/../lib/gcc/nios2-elf/5.3.0/../../../../../H-x86_64-mingw32/nios2-elf/lib\libsmallc.a(lib_a-writer.o)
 .debug_frame   0x0000000000000c1c       0xa4 ../alarm_clock_jukebox_bsp/\libhal_bsp.a(alt_iic.o)
 .debug_frame   0x0000000000000cc0       0x38 ../alarm_clock_jukebox_bsp/\libhal_bsp.a(alt_iic_isr_register.o)
 .debug_frame   0x0000000000000cf8       0x38 ../alarm_clock_jukebox_bsp/\libhal_bsp.a(alt_irq_handler.o)
 .debug_frame   0x0000000000000d30       0x5c ../alarm_clock_jukebox_bsp/\libhal_bsp.a(alt_load.o)
 .debug_frame   0x0000000000000d8c       0x2c ../alarm_clock_jukebox_bsp/\libhal_bsp.a(alt_main.o)
 .debug_frame   0x0000000000000db8       0x60 ../alarm_clock_jukebox_bsp/\libhal_bsp.a(alt_write.o)
 .debug_frame   0x0000000000000e18       0x88 ../alarm_clock_jukebox_bsp/\libhal_bsp.a(alt_sys_init.o)
 .debug_frame   0x0000000000000ea0       0x60 ../alarm_clock_jukebox_bsp/\libhal_bsp.a(altera_avalon_jtag_uart_fd.o)
 .debug_frame   0x0000000000000f00       0x34 ../alarm_clock_jukebox_bsp/\libhal_bsp.a(altera_avalon_jtag_uart_read.o)
 .debug_frame   0x0000000000000f34       0x34 ../alarm_clock_jukebox_bsp/\libhal_bsp.a(altera_avalon_jtag_uart_write.o)
 .debug_frame   0x0000000000000f68       0x60 ../alarm_clock_jukebox_bsp/\libhal_bsp.a(alt_close.o)
 .debug_frame   0x0000000000000fc8       0x34 ../alarm_clock_jukebox_bsp/\libhal_bsp.a(alt_dcache_flush_all.o)
 .debug_frame   0x0000000000000ffc       0x34 ../alarm_clock_jukebox_bsp/\libhal_bsp.a(alt_dev.o)
 .debug_frame   0x0000000000001030       0x60 ../alarm_clock_jukebox_bsp/\libhal_bsp.a(alt_dev_llist_insert.o)
 .debug_frame   0x0000000000001090       0x38 ../alarm_clock_jukebox_bsp/\libhal_bsp.a(alt_icache_flush_all.o)
 .debug_frame   0x00000000000010c8       0x5c ../alarm_clock_jukebox_bsp/\libhal_bsp.a(alt_instruction_exception_entry.o)
 .debug_frame   0x0000000000001124       0x60 ../alarm_clock_jukebox_bsp/\libhal_bsp.a(alt_io_redirect.o)
 .debug_frame   0x0000000000001184       0x84 ../alarm_clock_jukebox_bsp/\libhal_bsp.a(alt_open.o)
 .debug_frame   0x0000000000001208       0x34 ../alarm_clock_jukebox_bsp/\libhal_bsp.a(alt_release_fd.o)
 .debug_frame   0x000000000000123c       0x34 ../alarm_clock_jukebox_bsp/\libhal_bsp.a(altera_nios2_gen2_irq.o)
 .debug_frame   0x0000000000001270       0x38 ../alarm_clock_jukebox_bsp/\libhal_bsp.a(alt_find_dev.o)
 .debug_frame   0x00000000000012a8       0x38 ../alarm_clock_jukebox_bsp/\libhal_bsp.a(alt_find_file.o)
 .debug_frame   0x00000000000012e0       0x34 ../alarm_clock_jukebox_bsp/\libhal_bsp.a(alt_get_fd.o)
 .debug_frame   0x0000000000001314       0x34 ../alarm_clock_jukebox_bsp/\libhal_bsp.a(alt_icache_flush.o)
 .debug_frame   0x0000000000001348       0x28 c:/intelfpga_lite/18.1/nios2eds/bin/gnu/h-x86_64-mingw32/bin/../lib/gcc/nios2-elf/5.3.0/../../../../../H-x86_64-mingw32/nios2-elf/lib\libsmallc.a(lib_a-exit.o)
 .debug_frame   0x0000000000001370       0x20 c:/intelfpga_lite/18.1/nios2eds/bin/gnu/h-x86_64-mingw32/bin/../lib/gcc/nios2-elf/5.3.0/../../../../../H-x86_64-mingw32/nios2-elf/lib\libsmallc.a(lib_a-memcmp.o)
 .debug_frame   0x0000000000001390       0x54 c:/intelfpga_lite/18.1/nios2eds/bin/gnu/h-x86_64-mingw32/bin/../lib/gcc/nios2-elf/5.3.0/../../../../../H-x86_64-mingw32/nios2-elf/lib\libsmallc.a(lib_a-__call_atexit.o)
 .debug_frame   0x00000000000013e4       0x2c ../alarm_clock_jukebox_bsp/\libhal_bsp.a(alt_exit.o)

.debug_str      0x0000000000000000     0x2458
 *(.debug_str)
 .debug_str     0x0000000000000000      0x1c1 obj/default/Src/altera_avalon_pwm_routines.o